Archive member included to satisfy reference by file (symbol)

c:/st/stm32cubeide_1.7.0/stm32cubeide/plugins/com.st.stm32cube.ide.mcu.externaltools.gnu-tools-for-stm32.9-2020-q2-update.win32_2.0.0.202105311346/tools/bin/../lib/gcc/arm-none-eabi/9.3.1/../../../../arm-none-eabi/lib/thumb/v7e-m+fp/hard\libc_nano.a(lib_a-errno.o)
                              ./Core/Src/syscalls.o (__errno)
c:/st/stm32cubeide_1.7.0/stm32cubeide/plugins/com.st.stm32cube.ide.mcu.externaltools.gnu-tools-for-stm32.9-2020-q2-update.win32_2.0.0.202105311346/tools/bin/../lib/gcc/arm-none-eabi/9.3.1/../../../../arm-none-eabi/lib/thumb/v7e-m+fp/hard\libc_nano.a(lib_a-exit.o)
                              c:/st/stm32cubeide_1.7.0/stm32cubeide/plugins/com.st.stm32cube.ide.mcu.externaltools.gnu-tools-for-stm32.9-2020-q2-update.win32_2.0.0.202105311346/tools/bin/../lib/gcc/arm-none-eabi/9.3.1/../../../../arm-none-eabi/lib/thumb/v7e-m+fp/hard/crt0.o (exit)
c:/st/stm32cubeide_1.7.0/stm32cubeide/plugins/com.st.stm32cube.ide.mcu.externaltools.gnu-tools-for-stm32.9-2020-q2-update.win32_2.0.0.202105311346/tools/bin/../lib/gcc/arm-none-eabi/9.3.1/../../../../arm-none-eabi/lib/thumb/v7e-m+fp/hard\libc_nano.a(lib_a-impure.o)
                              c:/st/stm32cubeide_1.7.0/stm32cubeide/plugins/com.st.stm32cube.ide.mcu.externaltools.gnu-tools-for-stm32.9-2020-q2-update.win32_2.0.0.202105311346/tools/bin/../lib/gcc/arm-none-eabi/9.3.1/../../../../arm-none-eabi/lib/thumb/v7e-m+fp/hard\libc_nano.a(lib_a-exit.o) (_global_impure_ptr)
c:/st/stm32cubeide_1.7.0/stm32cubeide/plugins/com.st.stm32cube.ide.mcu.externaltools.gnu-tools-for-stm32.9-2020-q2-update.win32_2.0.0.202105311346/tools/bin/../lib/gcc/arm-none-eabi/9.3.1/../../../../arm-none-eabi/lib/thumb/v7e-m+fp/hard\libc_nano.a(lib_a-init.o)
                              c:/st/stm32cubeide_1.7.0/stm32cubeide/plugins/com.st.stm32cube.ide.mcu.externaltools.gnu-tools-for-stm32.9-2020-q2-update.win32_2.0.0.202105311346/tools/bin/../lib/gcc/arm-none-eabi/9.3.1/../../../../arm-none-eabi/lib/thumb/v7e-m+fp/hard/crt0.o (__libc_init_array)
c:/st/stm32cubeide_1.7.0/stm32cubeide/plugins/com.st.stm32cube.ide.mcu.externaltools.gnu-tools-for-stm32.9-2020-q2-update.win32_2.0.0.202105311346/tools/bin/../lib/gcc/arm-none-eabi/9.3.1/../../../../arm-none-eabi/lib/thumb/v7e-m+fp/hard\libc_nano.a(lib_a-memcpy-stub.o)
                              ./Middlewares/Third_Party/FreeRTOS/Source/queue.o (memcpy)
c:/st/stm32cubeide_1.7.0/stm32cubeide/plugins/com.st.stm32cube.ide.mcu.externaltools.gnu-tools-for-stm32.9-2020-q2-update.win32_2.0.0.202105311346/tools/bin/../lib/gcc/arm-none-eabi/9.3.1/../../../../arm-none-eabi/lib/thumb/v7e-m+fp/hard\libc_nano.a(lib_a-memset.o)
                              c:/st/stm32cubeide_1.7.0/stm32cubeide/plugins/com.st.stm32cube.ide.mcu.externaltools.gnu-tools-for-stm32.9-2020-q2-update.win32_2.0.0.202105311346/tools/bin/../lib/gcc/arm-none-eabi/9.3.1/../../../../arm-none-eabi/lib/thumb/v7e-m+fp/hard/crt0.o (memset)
c:/st/stm32cubeide_1.7.0/stm32cubeide/plugins/com.st.stm32cube.ide.mcu.externaltools.gnu-tools-for-stm32.9-2020-q2-update.win32_2.0.0.202105311346/tools/bin/../lib/gcc/arm-none-eabi/9.3.1/thumb/v7e-m+fp/hard\libgcc.a(_aeabi_uldivmod.o)
                              ./Drivers/STM32F4xx_HAL_Driver/Src/stm32f4xx_hal_rcc.o (__aeabi_uldivmod)
c:/st/stm32cubeide_1.7.0/stm32cubeide/plugins/com.st.stm32cube.ide.mcu.externaltools.gnu-tools-for-stm32.9-2020-q2-update.win32_2.0.0.202105311346/tools/bin/../lib/gcc/arm-none-eabi/9.3.1/thumb/v7e-m+fp/hard\libgcc.a(_udivmoddi4.o)
                              c:/st/stm32cubeide_1.7.0/stm32cubeide/plugins/com.st.stm32cube.ide.mcu.externaltools.gnu-tools-for-stm32.9-2020-q2-update.win32_2.0.0.202105311346/tools/bin/../lib/gcc/arm-none-eabi/9.3.1/thumb/v7e-m+fp/hard\libgcc.a(_aeabi_uldivmod.o) (__udivmoddi4)
c:/st/stm32cubeide_1.7.0/stm32cubeide/plugins/com.st.stm32cube.ide.mcu.externaltools.gnu-tools-for-stm32.9-2020-q2-update.win32_2.0.0.202105311346/tools/bin/../lib/gcc/arm-none-eabi/9.3.1/thumb/v7e-m+fp/hard\libgcc.a(_dvmd_tls.o)
                              c:/st/stm32cubeide_1.7.0/stm32cubeide/plugins/com.st.stm32cube.ide.mcu.externaltools.gnu-tools-for-stm32.9-2020-q2-update.win32_2.0.0.202105311346/tools/bin/../lib/gcc/arm-none-eabi/9.3.1/thumb/v7e-m+fp/hard\libgcc.a(_aeabi_uldivmod.o) (__aeabi_ldiv0)

Allocating common symbols
Common symbol       size              file

defaultTaskHandle   0x4               ./Core/Src/freertos.o
hi2c3               0x54              ./Core/Src/i2c.o
hspi5               0x58              ./Core/Src/spi.o
hcrc                0x8               ./Core/Src/crc.o
LtdcHandler         0xa8              ./Drivers/BSP/STM32F429I-Discovery/stm32f429i_discovery_lcd.o
touchGFXTaskHandle  0x4               ./Core/Src/freertos.o
uwTick              0x4               ./Drivers/STM32F4xx_HAL_Driver/Src/stm32f4xx_hal.o
xQueueRegistry      0x40              ./Middlewares/Third_Party/FreeRTOS/Source/queue.o
[...]
Memory Configuration

Name             Origin             Length             Attributes
CCMRAM           0x0000000010000000 0x0000000000010000 xrw
RAM              0x0000000020000000 0x0000000000030000 xrw
FLASH            0x0000000008000000 0x0000000000200000 xr
*default*        0x0000000000000000 0xffffffffffffffff

Linker script and memory map

LOAD c:/st/stm32cubeide_1.7.0/stm32cubeide/plugins/com.st.stm32cube.ide.mcu.externaltools.gnu-tools-for-stm32.9-2020-q2-update.win32_2.0.0.202105311346/tools/bin/../lib/gcc/arm-none-eabi/9.3.1/thumb/v7e-m+fp/hard/crti.o
LOAD c:/st/stm32cubeide_1.7.0/stm32cubeide/plugins/com.st.stm32cube.ide.mcu.externaltools.gnu-tools-for-stm32.9-2020-q2-update.win32_2.0.0.202105311346/tools/bin/../lib/gcc/arm-none-eabi/9.3.1/thumb/v7e-m+fp/hard/crtbegin.o
LOAD c:/st/stm32cubeide_1.7.0/stm32cubeide/plugins/com.st.stm32cube.ide.mcu.externaltools.gnu-tools-for-stm32.9-2020-q2-update.win32_2.0.0.202105311346/tools/bin/../lib/gcc/arm-none-eabi/9.3.1/../../../../arm-none-eabi/lib/thumb/v7e-m+fp/hard/crt0.o
LOAD ./Core/Src/crc.o
LOAD ./Core/Src/dma2d.o
LOAD ./Core/Src/fmc.o
LOAD ./Core/Src/freertos.o
LOAD ./Core/Src/gpio.o
LOAD ./Core/Src/i2c.o
LOAD ./Core/Src/ltdc.o
LOAD ./Core/Src/main.o
LOAD ./Core/Src/spi.o
LOAD ./Core/Src/stm32f4xx_hal_msp.o
LOAD ./Core/Src/stm32f4xx_hal_timebase_tim.o
LOAD ./Core/Src/stm32f4xx_it.o
LOAD ./Core/Src/syscalls.o
LOAD ./Core/Src/sysmem.o
LOAD ./Core/Src/system_stm32f4xx.o
LOAD ./Core/Src/tim.o
LOAD ./Core/Src/usart.o
LOAD ./Core/Startup/startup_stm32f429zitx.o
LOAD ./Drivers/BSP/Components/cs43l22/cs43l22.o
LOAD ./Drivers/BSP/Components/exc7200/exc7200.o
LOAD ./Drivers/BSP/Components/ft6x06/ft6x06.o
LOAD ./Drivers/BSP/Components/i3g4250d/i3g4250d.o
LOAD ./Drivers/BSP/Components/ili9325/ili9325.o
LOAD ./Drivers/BSP/Components/ili9341/ili9341.o
LOAD ./Drivers/BSP/Components/l3gd20/l3gd20.o
LOAD ./Drivers/BSP/Components/lis302dl/lis302dl.o
LOAD ./Drivers/BSP/Components/lis3dsh/lis3dsh.o
LOAD ./Drivers/BSP/Components/ls016b8uy/ls016b8uy.o
LOAD ./Drivers/BSP/Components/lsm303agr/lsm303agr.o
LOAD ./Drivers/BSP/Components/lsm303dlhc/lsm303dlhc.o
LOAD ./Drivers/BSP/Components/mfxstm32l152/mfxstm32l152.o
LOAD ./Drivers/BSP/Components/nt35510/nt35510.o
LOAD ./Drivers/BSP/Components/otm8009a/otm8009a.o
LOAD ./Drivers/BSP/Components/ov2640/ov2640.o
LOAD ./Drivers/BSP/Components/ov5640/ov5640.o
LOAD ./Drivers/BSP/Components/s5k5cag/s5k5cag.o
LOAD ./Drivers/BSP/Components/st7735/st7735.o
LOAD ./Drivers/BSP/Components/st7789h2/st7789h2.o
LOAD ./Drivers/BSP/Components/stmpe1600/stmpe1600.o
LOAD ./Drivers/BSP/Components/stmpe811/stmpe811.o
LOAD ./Drivers/BSP/Components/ts3510/ts3510.o
LOAD ./Drivers/BSP/Components/wm8994/wm8994.o
LOAD ./Drivers/BSP/STM32F429I-Discovery/stm32f429i_discovery.o
LOAD ./Drivers/BSP/STM32F429I-Discovery/stm32f429i_discovery_eeprom.o
LOAD ./Drivers/BSP/STM32F429I-Discovery/stm32f429i_discovery_gyroscope.o
LOAD ./Drivers/BSP/STM32F429I-Discovery/stm32f429i_discovery_io.o
LOAD ./Drivers/BSP/STM32F429I-Discovery/stm32f429i_discovery_lcd.o
LOAD ./Drivers/BSP/STM32F429I-Discovery/stm32f429i_discovery_sdram.o
LOAD ./Drivers/BSP/STM32F429I-Discovery/stm32f429i_discovery_ts.o
LOAD ./Drivers/STM32F4xx_HAL_Driver/Src/stm32f4xx_hal.o
LOAD ./Drivers/STM32F4xx_HAL_Driver/Src/stm32f4xx_hal_cortex.o
LOAD ./Drivers/STM32F4xx_HAL_Driver/Src/stm32f4xx_hal_crc.o
LOAD ./Drivers/STM32F4xx_HAL_Driver/Src/stm32f4xx_hal_dma.o
LOAD ./Drivers/STM32F4xx_HAL_Driver/Src/stm32f4xx_hal_dma2d.o
LOAD ./Drivers/STM32F4xx_HAL_Driver/Src/stm32f4xx_hal_dma_ex.o
LOAD ./Drivers/STM32F4xx_HAL_Driver/Src/stm32f4xx_hal_dsi.o
LOAD ./Drivers/STM32F4xx_HAL_Driver/Src/stm32f4xx_hal_exti.o
LOAD ./Drivers/STM32F4xx_HAL_Driver/Src/stm32f4xx_hal_flash.o
LOAD ./Drivers/STM32F4xx_HAL_Driver/Src/stm32f4xx_hal_flash_ex.o
LOAD ./Drivers/STM32F4xx_HAL_Driver/Src/stm32f4xx_hal_flash_ramfunc.o
LOAD ./Drivers/STM32F4xx_HAL_Driver/Src/stm32f4xx_hal_gpio.o
LOAD ./Drivers/STM32F4xx_HAL_Driver/Src/stm32f4xx_hal_i2c.o
LOAD ./Drivers/STM32F4xx_HAL_Driver/Src/stm32f4xx_hal_i2c_ex.o
LOAD ./Drivers/STM32F4xx_HAL_Driver/Src/stm32f4xx_hal_ltdc.o
LOAD ./Drivers/STM32F4xx_HAL_Driver/Src/stm32f4xx_hal_ltdc_ex.o
LOAD ./Drivers/STM32F4xx_HAL_Driver/Src/stm32f4xx_hal_pwr.o
LOAD ./Drivers/STM32F4xx_HAL_Driver/Src/stm32f4xx_hal_pwr_ex.o
LOAD ./Drivers/STM32F4xx_HAL_Driver/Src/stm32f4xx_hal_rcc.o
LOAD ./Drivers/STM32F4xx_HAL_Driver/Src/stm32f4xx_hal_rcc_ex.o
LOAD ./Drivers/STM32F4xx_HAL_Driver/Src/stm32f4xx_hal_sdram.o
LOAD ./Drivers/STM32F4xx_HAL_Driver/Src/stm32f4xx_hal_spi.o
LOAD ./Drivers/STM32F4xx_HAL_Driver/Src/stm32f4xx_hal_tim.o
LOAD ./Drivers/STM32F4xx_HAL_Driver/Src/stm32f4xx_hal_tim_ex.o
LOAD ./Drivers/STM32F4xx_HAL_Driver/Src/stm32f4xx_hal_uart.o
LOAD ./Drivers/STM32F4xx_HAL_Driver/Src/stm32f4xx_ll_fmc.o
LOAD ./Middlewares/Third_Party/FreeRTOS/Source/CMSIS_RTOS/cmsis_os.o
LOAD ./Middlewares/Third_Party/FreeRTOS/Source/croutine.o
LOAD ./Middlewares/Third_Party/FreeRTOS/Source/event_groups.o
LOAD ./Middlewares/Third_Party/FreeRTOS/Source/list.o
LOAD ./Middlewares/Third_Party/FreeRTOS/Source/queue.o
LOAD ./Middlewares/Third_Party/FreeRTOS/Source/stream_buffer.o
LOAD ./Middlewares/Third_Party/FreeRTOS/Source/tasks.o
LOAD ./Middlewares/Third_Party/FreeRTOS/Source/timers.o
LOAD ./Middlewares/Third_Party/FreeRTOS/Source/portable/GCC/ARM_CM4F/port.o
LOAD ./Middlewares/Third_Party/FreeRTOS/Source/portable/MemMang/heap_4.o
LOAD ./TouchGFX/App/app_touchgfx.o
START GROUP
LOAD c:/st/stm32cubeide_1.7.0/stm32cubeide/plugins/com.st.stm32cube.ide.mcu.externaltools.gnu-tools-for-stm32.9-2020-q2-update.win32_2.0.0.202105311346/tools/bin/../lib/gcc/arm-none-eabi/9.3.1/../../../../arm-none-eabi/lib/thumb/v7e-m+fp/hard\libc_nano.a
LOAD c:/st/stm32cubeide_1.7.0/stm32cubeide/plugins/com.st.stm32cube.ide.mcu.externaltools.gnu-tools-for-stm32.9-2020-q2-update.win32_2.0.0.202105311346/tools/bin/../lib/gcc/arm-none-eabi/9.3.1/../../../../arm-none-eabi/lib/thumb/v7e-m+fp/hard\libm.a
END GROUP
START GROUP
LOAD c:/st/stm32cubeide_1.7.0/stm32cubeide/plugins/com.st.stm32cube.ide.mcu.externaltools.gnu-tools-for-stm32.9-2020-q2-update.win32_2.0.0.202105311346/tools/bin/../lib/gcc/arm-none-eabi/9.3.1/thumb/v7e-m+fp/hard\libgcc.a
LOAD c:/st/stm32cubeide_1.7.0/stm32cubeide/plugins/com.st.stm32cube.ide.mcu.externaltools.gnu-tools-for-stm32.9-2020-q2-update.win32_2.0.0.202105311346/tools/bin/../lib/gcc/arm-none-eabi/9.3.1/../../../../arm-none-eabi/lib/thumb/v7e-m+fp/hard\libc_nano.a
END GROUP
START GROUP
LOAD c:/st/stm32cubeide_1.7.0/stm32cubeide/plugins/com.st.stm32cube.ide.mcu.externaltools.gnu-tools-for-stm32.9-2020-q2-update.win32_2.0.0.202105311346/tools/bin/../lib/gcc/arm-none-eabi/9.3.1/thumb/v7e-m+fp/hard\libgcc.a
LOAD c:/st/stm32cubeide_1.7.0/stm32cubeide/plugins/com.st.stm32cube.ide.mcu.externaltools.gnu-tools-for-stm32.9-2020-q2-update.win32_2.0.0.202105311346/tools/bin/../lib/gcc/arm-none-eabi/9.3.1/../../../../arm-none-eabi/lib/thumb/v7e-m+fp/hard\libc_nano.a
LOAD c:/st/stm32cubeide_1.7.0/stm32cubeide/plugins/com.st.stm32cube.ide.mcu.externaltools.gnu-tools-for-stm32.9-2020-q2-update.win32_2.0.0.202105311346/tools/bin/../lib/gcc/arm-none-eabi/9.3.1/../../../../arm-none-eabi/lib/thumb/v7e-m+fp/hard\libnosys.a
END GROUP
START GROUP
LOAD c:/st/stm32cubeide_1.7.0/stm32cubeide/plugins/com.st.stm32cube.ide.mcu.externaltools.gnu-tools-for-stm32.9-2020-q2-update.win32_2.0.0.202105311346/tools/bin/../lib/gcc/arm-none-eabi/9.3.1/thumb/v7e-m+fp/hard\libgcc.a
LOAD c:/st/stm32cubeide_1.7.0/stm32cubeide/plugins/com.st.stm32cube.ide.mcu.externaltools.gnu-tools-for-stm32.9-2020-q2-update.win32_2.0.0.202105311346/tools/bin/../lib/gcc/arm-none-eabi/9.3.1/../../../../arm-none-eabi/lib/thumb/v7e-m+fp/hard\libc_nano.a
LOAD c:/st/stm32cubeide_1.7.0/stm32cubeide/plugins/com.st.stm32cube.ide.mcu.externaltools.gnu-tools-for-stm32.9-2020-q2-update.win32_2.0.0.202105311346/tools/bin/../lib/gcc/arm-none-eabi/9.3.1/../../../../arm-none-eabi/lib/thumb/v7e-m+fp/hard\libnosys.a
END GROUP
LOAD c:/st/stm32cubeide_1.7.0/stm32cubeide/plugins/com.st.stm32cube.ide.mcu.externaltools.gnu-tools-for-stm32.9-2020-q2-update.win32_2.0.0.202105311346/tools/bin/../lib/gcc/arm-none-eabi/9.3.1/thumb/v7e-m+fp/hard/crtend.o
LOAD c:/st/stm32cubeide_1.7.0/stm32cubeide/plugins/com.st.stm32cube.ide.mcu.externaltools.gnu-tools-for-stm32.9-2020-q2-update.win32_2.0.0.202105311346/tools/bin/../lib/gcc/arm-none-eabi/9.3.1/thumb/v7e-m+fp/hard/crtn.o
                0x0000000020030000                _estack = (ORIGIN (RAM) + LENGTH (RAM))
                0x0000000000000200                _Min_Heap_Size = 0x200
                0x0000000000000400                _Min_Stack_Size = 0x400

.isr_vector     0x0000000008000000      0x1ac
                0x0000000008000000                . = ALIGN (0x4)
 *(.isr_vector)
 .isr_vector    0x0000000008000000      0x1ac ./Core/Startup/startup_stm32f429zitx.o
                0x0000000008000000                g_pfnVectors
                0x00000000080001ac                . = ALIGN (0x4)

.text           0x00000000080001b0     0x6f84
                0x00000000080001b0                . = ALIGN (0x4)
 *(.text)
 .text          0x00000000080001b0       0x40 c:/st/stm32cubeide_1.7.0/stm32cubeide/plugins/com.st.stm32cube.ide.mcu.externaltools.gnu-tools-for-stm32.9-2020-q2-update.win32_2.0.0.202105311346/tools/bin/../lib/gcc/arm-none-eabi/9.3.1/thumb/v7e-m+fp/hard/crtbegin.o
 .text          0x00000000080001f0       0x30 c:/st/stm32cubeide_1.7.0/stm32cubeide/plugins/com.st.stm32cube.ide.mcu.externaltools.gnu-tools-for-stm32.9-2020-q2-update.win32_2.0.0.202105311346/tools/bin/../lib/gcc/arm-none-eabi/9.3.1/thumb/v7e-m+fp/hard\libgcc.a(_aeabi_uldivmod.o)
                0x00000000080001f0                __aeabi_uldivmod
 .text          0x0000000008000220      0x2c4 c:/st/stm32cubeide_1.7.0/stm32cubeide/plugins/com.st.stm32cube.ide.mcu.externaltools.gnu-tools-for-stm32.9-2020-q2-update.win32_2.0.0.202105311346/tools/bin/../lib/gcc/arm-none-eabi/9.3.1/thumb/v7e-m+fp/hard\libgcc.a(_udivmoddi4.o)
                0x0000000008000220                __udivmoddi4
 .text          0x00000000080004e4        0x4 c:/st/stm32cubeide_1.7.0/stm32cubeide/plugins/com.st.stm32cube.ide.mcu.externaltools.gnu-tools-for-stm32.9-2020-q2-update.win32_2.0.0.202105311346/tools/bin/../lib/gcc/arm-none-eabi/9.3.1/thumb/v7e-m+fp/hard\libgcc.a(_dvmd_tls.o)
                0x00000000080004e4                __aeabi_idiv0
                0x00000000080004e4                __aeabi_ldiv0
 *(.text*)
 .text.MX_CRC_Init
                0x00000000080004e8       0x28 ./Core/Src/crc.o
                0x00000000080004e8                MX_CRC_Init
 .text.HAL_CRC_MspInit
                0x0000000008000510       0x44 ./Core/Src/crc.o
                0x0000000008000510                HAL_CRC_MspInit
 .text.MX_DMA2D_Init
                0x0000000008000554       0x64 ./Core/Src/dma2d.o
                0x0000000008000554                MX_DMA2D_Init
 .text.HAL_DMA2D_MspInit
                0x00000000080005b8       0x50 ./Core/Src/dma2d.o
                0x00000000080005b8                HAL_DMA2D_MspInit
 .text.MX_FMC_Init
                0x0000000008000608       0xa0 ./Core/Src/fmc.o
                0x0000000008000608                MX_FMC_Init
 .text.HAL_FMC_MspInit
                0x00000000080006a8      0x124 ./Core/Src/fmc.o
 .text.HAL_SDRAM_MspInit
                0x00000000080007cc       0x14 ./Core/Src/fmc.o
                0x00000000080007cc                HAL_SDRAM_MspInit
 .text.vApplicationIdleHook
                0x00000000080007e0        0xe ./Core/Src/freertos.o
                0x00000000080007e0                vApplicationIdleHook
 .text.vApplicationStackOverflowHook
                0x00000000080007ee       0x16 ./Core/Src/freertos.o
                0x00000000080007ee                vApplicationStackOverflowHook
 .text.vApplicationMallocFailedHook
                0x0000000008000804        0xe ./Core/Src/freertos.o
                0x0000000008000804                vApplicationMallocFailedHook
 *fill*         0x0000000008000812        0x2 
 .text.vApplicationGetIdleTaskMemory
                0x0000000008000814       0x34 ./Core/Src/freertos.o
                0x0000000008000814                vApplicationGetIdleTaskMemory
 .text.MX_FREERTOS_Init
                0x0000000008000848       0x68 ./Core/Src/freertos.o
                0x0000000008000848                MX_FREERTOS_Init
 .text.StartDefaultTask
                0x00000000080008b0       0x20 ./Core/Src/freertos.o
                0x00000000080008b0                StartDefaultTask
 .text.MX_GPIO_Init
                0x00000000080008d0      0x25c ./Core/Src/gpio.o
                0x00000000080008d0                MX_GPIO_Init
 .text.MX_I2C3_Init
                0x0000000008000b2c       0x80 ./Core/Src/i2c.o
                0x0000000008000b2c                MX_I2C3_Init
 .text.HAL_I2C_MspInit
                0x0000000008000bac       0xd4 ./Core/Src/i2c.o
                0x0000000008000bac                HAL_I2C_MspInit
 .text.MX_LTDC_Init
                0x0000000008000c80      0x100 ./Core/Src/ltdc.o
                0x0000000008000c80                MX_LTDC_Init
 .text.HAL_LTDC_MspInit
                0x0000000008000d80      0x260 ./Core/Src/ltdc.o
                0x0000000008000d80                HAL_LTDC_MspInit
 .text.main     0x0000000008000fe0       0x5c ./Core/Src/main.o
                0x0000000008000fe0                main
 .text.SystemClock_Config
                0x000000000800103c       0xd4 ./Core/Src/main.o
                0x000000000800103c                SystemClock_Config
 .text.HAL_TIM_PeriodElapsedCallback
                0x0000000008001110       0x24 ./Core/Src/main.o
                0x0000000008001110                HAL_TIM_PeriodElapsedCallback
 .text.Error_Handler
                0x0000000008001134        0xa ./Core/Src/main.o
                0x0000000008001134                Error_Handler
 *fill*         0x000000000800113e        0x2 
 .text.MX_SPI5_Init
                0x0000000008001140       0x6c ./Core/Src/spi.o
                0x0000000008001140                MX_SPI5_Init
 .text.HAL_SPI_MspInit
                0x00000000080011ac       0x90 ./Core/Src/spi.o
                0x00000000080011ac                HAL_SPI_MspInit
 .text.HAL_SPI_MspDeInit
                0x000000000800123c       0x3c ./Core/Src/spi.o
                0x000000000800123c                HAL_SPI_MspDeInit
 .text.HAL_MspInit
                0x0000000008001278       0x58 ./Core/Src/stm32f4xx_hal_msp.o
                0x0000000008001278                HAL_MspInit
 .text.HAL_InitTick
                0x00000000080012d0       0xb4 ./Core/Src/stm32f4xx_hal_timebase_tim.o
                0x00000000080012d0                HAL_InitTick
 .text.NMI_Handler
                0x0000000008001384        0x6 ./Core/Src/stm32f4xx_it.o
                0x0000000008001384                NMI_Handler
 .text.HardFault_Handler
                0x000000000800138a        0x6 ./Core/Src/stm32f4xx_it.o
                0x000000000800138a                HardFault_Handler
 .text.MemManage_Handler
                0x0000000008001390        0x6 ./Core/Src/stm32f4xx_it.o
                0x0000000008001390                MemManage_Handler
 .text.BusFault_Handler
                0x0000000008001396        0x6 ./Core/Src/stm32f4xx_it.o
                0x0000000008001396                BusFault_Handler
 .text.UsageFault_Handler
                0x000000000800139c        0x6 ./Core/Src/stm32f4xx_it.o
                0x000000000800139c                UsageFault_Handler
 .text.DebugMon_Handler
                0x00000000080013a2        0xe ./Core/Src/stm32f4xx_it.o
                0x00000000080013a2                DebugMon_Handler
 .text.TIM6_DAC_IRQHandler
                0x00000000080013b0       0x14 ./Core/Src/stm32f4xx_it.o
                0x00000000080013b0                TIM6_DAC_IRQHandler
 .text.LTDC_IRQHandler
                0x00000000080013c4       0x14 ./Core/Src/stm32f4xx_it.o
                0x00000000080013c4                LTDC_IRQHandler
 .text.DMA2D_IRQHandler
                0x00000000080013d8       0x14 ./Core/Src/stm32f4xx_it.o
                0x00000000080013d8                DMA2D_IRQHandler
 .text.SystemInit
                0x00000000080013ec       0x24 ./Core/Src/system_stm32f4xx.o
                0x00000000080013ec                SystemInit
 .text.MX_TIM1_Init
                0x0000000008001410       0xa0 ./Core/Src/tim.o
                0x0000000008001410                MX_TIM1_Init
 .text.HAL_TIM_Base_MspInit
                0x00000000080014b0       0x44 ./Core/Src/tim.o
                0x00000000080014b0                HAL_TIM_Base_MspInit
 .text.MX_USART1_UART_Init
                0x00000000080014f4       0x54 ./Core/Src/usart.o
                0x00000000080014f4                MX_USART1_UART_Init
 .text.HAL_UART_MspInit
                0x0000000008001548       0x90 ./Core/Src/usart.o
                0x0000000008001548                HAL_UART_MspInit
 .text.Reset_Handler
                0x00000000080015d8       0x50 ./Core/Startup/startup_stm32f429zitx.o
                0x00000000080015d8                Reset_Handler
 .text.Default_Handler
                0x0000000008001628        0x2 ./Core/Startup/startup_stm32f429zitx.o
                0x0000000008001628                RTC_Alarm_IRQHandler
                0x0000000008001628                HASH_RNG_IRQHandler
                0x0000000008001628                EXTI2_IRQHandler
                0x0000000008001628                TIM8_CC_IRQHandler
                0x0000000008001628                UART8_IRQHandler
                0x0000000008001628                SPI4_IRQHandler
                0x0000000008001628                TIM1_CC_IRQHandler
                0x0000000008001628                DMA2_Stream5_IRQHandler
                0x0000000008001628                DMA1_Stream5_IRQHandler
                0x0000000008001628                PVD_IRQHandler
                0x0000000008001628                SDIO_IRQHandler
                0x0000000008001628                TAMP_STAMP_IRQHandler
                0x0000000008001628                CAN2_RX1_IRQHandler
                0x0000000008001628                EXTI3_IRQHandler
                0x0000000008001628                TIM8_TRG_COM_TIM14_IRQHandler
                0x0000000008001628                TIM1_UP_TIM10_IRQHandler
                0x0000000008001628                TIM8_UP_TIM13_IRQHandler
                0x0000000008001628                I2C3_ER_IRQHandler
                0x0000000008001628                EXTI0_IRQHandler
                0x0000000008001628                I2C2_EV_IRQHandler
                0x0000000008001628                DMA1_Stream2_IRQHandler
                0x0000000008001628                CAN1_RX0_IRQHandler
                0x0000000008001628                FPU_IRQHandler
                0x0000000008001628                OTG_HS_WKUP_IRQHandler
                0x0000000008001628                LTDC_ER_IRQHandler
                0x0000000008001628                CAN2_SCE_IRQHandler
                0x0000000008001628                DMA2_Stream2_IRQHandler
                0x0000000008001628                SPI1_IRQHandler
                0x0000000008001628                TIM1_BRK_TIM9_IRQHandler
                0x0000000008001628                DCMI_IRQHandler
                0x0000000008001628                CAN2_RX0_IRQHandler
                0x0000000008001628                DMA2_Stream3_IRQHandler
                0x0000000008001628                USART6_IRQHandler
                0x0000000008001628                USART3_IRQHandler
                0x0000000008001628                CAN1_RX1_IRQHandler
                0x0000000008001628                UART5_IRQHandler
                0x0000000008001628                DMA2_Stream0_IRQHandler
                0x0000000008001628                TIM4_IRQHandler
                0x0000000008001628                I2C1_EV_IRQHandler
                0x0000000008001628                DMA1_Stream6_IRQHandler
                0x0000000008001628                DMA1_Stream1_IRQHandler
                0x0000000008001628                UART4_IRQHandler
                0x0000000008001628                TIM3_IRQHandler
                0x0000000008001628                RCC_IRQHandler
                0x0000000008001628                TIM8_BRK_TIM12_IRQHandler
                0x0000000008001628                Default_Handler
                0x0000000008001628                EXTI15_10_IRQHandler
                0x0000000008001628                ADC_IRQHandler
                0x0000000008001628                DMA1_Stream7_IRQHandler
                0x0000000008001628                SPI5_IRQHandler
                0x0000000008001628                TIM7_IRQHandler
                0x0000000008001628                CAN2_TX_IRQHandler
                0x0000000008001628                TIM5_IRQHandler
                0x0000000008001628                DMA2_Stream7_IRQHandler
                0x0000000008001628                I2C3_EV_IRQHandler
                0x0000000008001628                EXTI9_5_IRQHandler
                0x0000000008001628                RTC_WKUP_IRQHandler
                0x0000000008001628                ETH_WKUP_IRQHandler
                0x0000000008001628                SPI2_IRQHandler
                0x0000000008001628                OTG_HS_EP1_IN_IRQHandler
                0x0000000008001628                DMA1_Stream0_IRQHandler
                0x0000000008001628                CAN1_TX_IRQHandler
                0x0000000008001628                EXTI4_IRQHandler
                0x0000000008001628                ETH_IRQHandler
                0x0000000008001628                OTG_HS_EP1_OUT_IRQHandler
                0x0000000008001628                WWDG_IRQHandler
                0x0000000008001628                SPI6_IRQHandler
                0x0000000008001628                TIM2_IRQHandler
                0x0000000008001628                OTG_FS_WKUP_IRQHandler
                0x0000000008001628                TIM1_TRG_COM_TIM11_IRQHandler
                0x0000000008001628                OTG_HS_IRQHandler
                0x0000000008001628                EXTI1_IRQHandler
                0x0000000008001628                UART7_IRQHandler
                0x0000000008001628                USART2_IRQHandler
                0x0000000008001628                I2C2_ER_IRQHandler
                0x0000000008001628                DMA2_Stream1_IRQHandler
                0x0000000008001628                CAN1_SCE_IRQHandler
                0x0000000008001628                FLASH_IRQHandler
                0x0000000008001628                DMA2_Stream4_IRQHandler
                0x0000000008001628                USART1_IRQHandler
                0x0000000008001628                OTG_FS_IRQHandler
                0x0000000008001628                SPI3_IRQHandler
                0x0000000008001628                DMA1_Stream4_IRQHandler
                0x0000000008001628                I2C1_ER_IRQHandler
                0x0000000008001628                FMC_IRQHandler
                0x0000000008001628                DMA2_Stream6_IRQHandler
                0x0000000008001628                SAI1_IRQHandler
                0x0000000008001628                DMA1_Stream3_IRQHandler
 .text.ili9341_Init
                0x000000000800162a      0x294 ./Drivers/BSP/Components/ili9341/ili9341.o
                0x000000000800162a                ili9341_Init
 .text.ili9341_ReadID
                0x00000000080018be       0x18 ./Drivers/BSP/Components/ili9341/ili9341.o
                0x00000000080018be                ili9341_ReadID
 .text.ili9341_DisplayOn
                0x00000000080018d6        0xe ./Drivers/BSP/Components/ili9341/ili9341.o
                0x00000000080018d6                ili9341_DisplayOn
 .text.ili9341_DisplayOff
                0x00000000080018e4        0xe ./Drivers/BSP/Components/ili9341/ili9341.o
                0x00000000080018e4                ili9341_DisplayOff
 .text.ili9341_WriteReg
                0x00000000080018f2       0x1a ./Drivers/BSP/Components/ili9341/ili9341.o
                0x00000000080018f2                ili9341_WriteReg
 .text.ili9341_WriteData
                0x000000000800190c       0x1a ./Drivers/BSP/Components/ili9341/ili9341.o
                0x000000000800190c                ili9341_WriteData
 .text.ili9341_ReadData
                0x0000000008001926       0x26 ./Drivers/BSP/Components/ili9341/ili9341.o
                0x0000000008001926                ili9341_ReadData
 .text.ili9341_GetLcdPixelWidth
                0x000000000800194c       0x10 ./Drivers/BSP/Components/ili9341/ili9341.o
                0x000000000800194c                ili9341_GetLcdPixelWidth
 .text.ili9341_GetLcdPixelHeight
                0x000000000800195c       0x12 ./Drivers/BSP/Components/ili9341/ili9341.o
                0x000000000800195c                ili9341_GetLcdPixelHeight
 *fill*         0x000000000800196e        0x2 
 .text.SPIx_Init
                0x0000000008001970       0x74 ./Drivers/BSP/STM32F429I-Discovery/stm32f429i_discovery.o
 .text.SPIx_Read
                0x00000000080019e4       0x40 ./Drivers/BSP/STM32F429I-Discovery/stm32f429i_discovery.o
 .text.SPIx_Write
                0x0000000008001a24       0x3c ./Drivers/BSP/STM32F429I-Discovery/stm32f429i_discovery.o
 .text.SPIx_Error
                0x0000000008001a60       0x18 ./Drivers/BSP/STM32F429I-Discovery/stm32f429i_discovery.o
 .text.SPIx_MspInit
                0x0000000008001a78       0x74 ./Drivers/BSP/STM32F429I-Discovery/stm32f429i_discovery.o
 .text.LCD_IO_Init
                0x0000000008001aec       0xf0 ./Drivers/BSP/STM32F429I-Discovery/stm32f429i_discovery.o
                0x0000000008001aec                LCD_IO_Init
 .text.LCD_IO_WriteData
                0x0000000008001bdc       0x44 ./Drivers/BSP/STM32F429I-Discovery/stm32f429i_discovery.o
                0x0000000008001bdc                LCD_IO_WriteData
 .text.LCD_IO_WriteReg
                0x0000000008001c20       0x44 ./Drivers/BSP/STM32F429I-Discovery/stm32f429i_discovery.o
                0x0000000008001c20                LCD_IO_WriteReg
 .text.LCD_IO_ReadData
                0x0000000008001c64       0x64 ./Drivers/BSP/STM32F429I-Discovery/stm32f429i_discovery.o
                0x0000000008001c64                LCD_IO_ReadData
 .text.LCD_Delay
                0x0000000008001cc8       0x16 ./Drivers/BSP/STM32F429I-Discovery/stm32f429i_discovery.o
                0x0000000008001cc8                LCD_Delay
 *fill*         0x0000000008001cde        0x2 
 .text.HAL_Init
                0x0000000008001ce0       0x44 ./Drivers/STM32F4xx_HAL_Driver/Src/stm32f4xx_hal.o
                0x0000000008001ce0                HAL_Init
 .text.HAL_IncTick
                0x0000000008001d24       0x28 ./Drivers/STM32F4xx_HAL_Driver/Src/stm32f4xx_hal.o
                0x0000000008001d24                HAL_IncTick
 .text.HAL_GetTick
                0x0000000008001d4c       0x18 ./Drivers/STM32F4xx_HAL_Driver/Src/stm32f4xx_hal.o
                0x0000000008001d4c                HAL_GetTick
 .text.HAL_Delay
                0x0000000008001d64       0x48 ./Drivers/STM32F4xx_HAL_Driver/Src/stm32f4xx_hal.o
                0x0000000008001d64                HAL_Delay
 .text.__NVIC_SetPriorityGrouping
                0x0000000008001dac       0x48 ./Drivers/STM32F4xx_HAL_Driver/Src/stm32f4xx_hal_cortex.o
 .text.__NVIC_GetPriorityGrouping
                0x0000000008001df4       0x1c ./Drivers/STM32F4xx_HAL_Driver/Src/stm32f4xx_hal_cortex.o
 .text.__NVIC_EnableIRQ
                0x0000000008001e10       0x3c ./Drivers/STM32F4xx_HAL_Driver/Src/stm32f4xx_hal_cortex.o
 .text.__NVIC_SetPriority
                0x0000000008001e4c       0x54 ./Drivers/STM32F4xx_HAL_Driver/Src/stm32f4xx_hal_cortex.o
 .text.NVIC_EncodePriority
                0x0000000008001ea0       0x66 ./Drivers/STM32F4xx_HAL_Driver/Src/stm32f4xx_hal_cortex.o
 .text.HAL_NVIC_SetPriorityGrouping
                0x0000000008001f06       0x16 ./Drivers/STM32F4xx_HAL_Driver/Src/stm32f4xx_hal_cortex.o
                0x0000000008001f06                HAL_NVIC_SetPriorityGrouping
 .text.HAL_NVIC_SetPriority
                0x0000000008001f1c       0x38 ./Drivers/STM32F4xx_HAL_Driver/Src/stm32f4xx_hal_cortex.o
                0x0000000008001f1c                HAL_NVIC_SetPriority
 .text.HAL_NVIC_EnableIRQ
                0x0000000008001f54       0x1c ./Drivers/STM32F4xx_HAL_Driver/Src/stm32f4xx_hal_cortex.o
                0x0000000008001f54                HAL_NVIC_EnableIRQ
 .text.HAL_CRC_Init
                0x0000000008001f70       0x38 ./Drivers/STM32F4xx_HAL_Driver/Src/stm32f4xx_hal_crc.o
                0x0000000008001f70                HAL_CRC_Init
 .text.HAL_DMA2D_Init
                0x0000000008001fa8       0x92 ./Drivers/STM32F4xx_HAL_Driver/Src/stm32f4xx_hal_dma2d.o
                0x0000000008001fa8                HAL_DMA2D_Init
 .text.HAL_DMA2D_IRQHandler
                0x000000000800203a      0x1f8 ./Drivers/STM32F4xx_HAL_Driver/Src/stm32f4xx_hal_dma2d.o
                0x000000000800203a                HAL_DMA2D_IRQHandler
 .text.HAL_DMA2D_LineEventCallback
                0x0000000008002232       0x14 ./Drivers/STM32F4xx_HAL_Driver/Src/stm32f4xx_hal_dma2d.o
                0x0000000008002232                HAL_DMA2D_LineEventCallback
 .text.HAL_DMA2D_CLUTLoadingCpltCallback
                0x0000000008002246       0x14 ./Drivers/STM32F4xx_HAL_Driver/Src/stm32f4xx_hal_dma2d.o
                0x0000000008002246                HAL_DMA2D_CLUTLoadingCpltCallback
 *fill*         0x000000000800225a        0x2 
 .text.HAL_DMA2D_ConfigLayer
                0x000000000800225c      0x124 ./Drivers/STM32F4xx_HAL_Driver/Src/stm32f4xx_hal_dma2d.o
                0x000000000800225c                HAL_DMA2D_ConfigLayer
 .text.HAL_GPIO_Init
                0x0000000008002380      0x358 ./Drivers/STM32F4xx_HAL_Driver/Src/stm32f4xx_hal_gpio.o
                0x0000000008002380                HAL_GPIO_Init
 .text.HAL_GPIO_DeInit
                0x00000000080026d8      0x218 ./Drivers/STM32F4xx_HAL_Driver/Src/stm32f4xx_hal_gpio.o
                0x00000000080026d8                HAL_GPIO_DeInit
 .text.HAL_GPIO_WritePin
                0x00000000080028f0       0x32 ./Drivers/STM32F4xx_HAL_Driver/Src/stm32f4xx_hal_gpio.o
                0x00000000080028f0                HAL_GPIO_WritePin
 .text.HAL_GPIO_TogglePin
                0x0000000008002922       0x34 ./Drivers/STM32F4xx_HAL_Driver/Src/stm32f4xx_hal_gpio.o
                0x0000000008002922                HAL_GPIO_TogglePin
 *fill*         0x0000000008002956        0x2 
 .text.HAL_I2C_Init
                0x0000000008002958      0x288 ./Drivers/STM32F4xx_HAL_Driver/Src/stm32f4xx_hal_i2c.o
                0x0000000008002958                HAL_I2C_Init
 .text.HAL_I2CEx_ConfigAnalogFilter
                0x0000000008002be0       0x78 ./Drivers/STM32F4xx_HAL_Driver/Src/stm32f4xx_hal_i2c_ex.o
                0x0000000008002be0                HAL_I2CEx_ConfigAnalogFilter
 .text.HAL_I2CEx_ConfigDigitalFilter
                0x0000000008002c58       0x7e ./Drivers/STM32F4xx_HAL_Driver/Src/stm32f4xx_hal_i2c_ex.o
                0x0000000008002c58                HAL_I2CEx_ConfigDigitalFilter
 *fill*         0x0000000008002cd6        0x2 
 .text.HAL_LTDC_Init
                0x0000000008002cd8      0x1a0 ./Drivers/STM32F4xx_HAL_Driver/Src/stm32f4xx_hal_ltdc.o
                0x0000000008002cd8                HAL_LTDC_Init
 .text.HAL_LTDC_IRQHandler
                0x0000000008002e78      0x148 ./Drivers/STM32F4xx_HAL_Driver/Src/stm32f4xx_hal_ltdc.o
                0x0000000008002e78                HAL_LTDC_IRQHandler
 .text.HAL_LTDC_ErrorCallback
                0x0000000008002fc0       0x14 ./Drivers/STM32F4xx_HAL_Driver/Src/stm32f4xx_hal_ltdc.o
                0x0000000008002fc0                HAL_LTDC_ErrorCallback
 .text.HAL_LTDC_LineEventCallback
                0x0000000008002fd4       0x14 ./Drivers/STM32F4xx_HAL_Driver/Src/stm32f4xx_hal_ltdc.o
                0x0000000008002fd4                HAL_LTDC_LineEventCallback
 .text.HAL_LTDC_ReloadEventCallback
                0x0000000008002fe8       0x14 ./Drivers/STM32F4xx_HAL_Driver/Src/stm32f4xx_hal_ltdc.o
                0x0000000008002fe8                HAL_LTDC_ReloadEventCallback
 .text.HAL_LTDC_ConfigLayer
                0x0000000008002ffc       0x7c ./Drivers/STM32F4xx_HAL_Driver/Src/stm32f4xx_hal_ltdc.o
                0x0000000008002ffc                HAL_LTDC_ConfigLayer
 .text.LTDC_SetConfig
                0x0000000008003078      0x32e ./Drivers/STM32F4xx_HAL_Driver/Src/stm32f4xx_hal_ltdc.o
 *fill*         0x00000000080033a6        0x2 
 .text.HAL_RCC_OscConfig
                0x00000000080033a8      0x4f0 ./Drivers/STM32F4xx_HAL_Driver/Src/stm32f4xx_hal_rcc.o
                0x00000000080033a8                HAL_RCC_OscConfig
 .text.HAL_RCC_ClockConfig
                0x0000000008003898      0x1cc ./Drivers/STM32F4xx_HAL_Driver/Src/stm32f4xx_hal_rcc.o
                0x0000000008003898                HAL_RCC_ClockConfig
 .text.HAL_RCC_GetSysClockFreq
                0x0000000008003a64      0x1c4 ./Drivers/STM32F4xx_HAL_Driver/Src/stm32f4xx_hal_rcc.o
                0x0000000008003a64                HAL_RCC_GetSysClockFreq
 .text.HAL_RCC_GetHCLKFreq
                0x0000000008003c28       0x18 ./Drivers/STM32F4xx_HAL_Driver/Src/stm32f4xx_hal_rcc.o
                0x0000000008003c28                HAL_RCC_GetHCLKFreq
 .text.HAL_RCC_GetPCLK1Freq
                0x0000000008003c40       0x28 ./Drivers/STM32F4xx_HAL_Driver/Src/stm32f4xx_hal_rcc.o
                0x0000000008003c40                HAL_RCC_GetPCLK1Freq
 .text.HAL_RCC_GetPCLK2Freq
                0x0000000008003c68       0x28 ./Drivers/STM32F4xx_HAL_Driver/Src/stm32f4xx_hal_rcc.o
                0x0000000008003c68                HAL_RCC_GetPCLK2Freq
 .text.HAL_RCC_GetClockConfig
                0x0000000008003c90       0x64 ./Drivers/STM32F4xx_HAL_Driver/Src/stm32f4xx_hal_rcc.o
                0x0000000008003c90                HAL_RCC_GetClockConfig
 .text.HAL_RCCEx_PeriphCLKConfig
                0x0000000008003cf4      0x37c ./Drivers/STM32F4xx_HAL_Driver/Src/stm32f4xx_hal_rcc_ex.o
                0x0000000008003cf4                HAL_RCCEx_PeriphCLKConfig
 .text.HAL_SDRAM_Init
                0x0000000008004070       0x68 ./Drivers/STM32F4xx_HAL_Driver/Src/stm32f4xx_hal_sdram.o
                0x0000000008004070                HAL_SDRAM_Init
 .text.HAL_SPI_Init
                0x00000000080040d8      0x112 ./Drivers/STM32F4xx_HAL_Driver/Src/stm32f4xx_hal_spi.o
                0x00000000080040d8                HAL_SPI_Init
 .text.HAL_SPI_DeInit
                0x00000000080041ea       0x50 ./Drivers/STM32F4xx_HAL_Driver/Src/stm32f4xx_hal_spi.o
                0x00000000080041ea                HAL_SPI_DeInit
 .text.HAL_SPI_Transmit
                0x000000000800423a      0x278 ./Drivers/STM32F4xx_HAL_Driver/Src/stm32f4xx_hal_spi.o
                0x000000000800423a                HAL_SPI_Transmit
 .text.HAL_SPI_Receive
                0x00000000080044b2      0x222 ./Drivers/STM32F4xx_HAL_Driver/Src/stm32f4xx_hal_spi.o
                0x00000000080044b2                HAL_SPI_Receive
 .text.HAL_SPI_TransmitReceive
                0x00000000080046d4      0x344 ./Drivers/STM32F4xx_HAL_Driver/Src/stm32f4xx_hal_spi.o
                0x00000000080046d4                HAL_SPI_TransmitReceive
 .text.HAL_SPI_GetState
                0x0000000008004a18       0x1c ./Drivers/STM32F4xx_HAL_Driver/Src/stm32f4xx_hal_spi.o
                0x0000000008004a18                HAL_SPI_GetState
 .text.SPI_WaitFlagStateUntilTimeout
                0x0000000008004a34      0x110 ./Drivers/STM32F4xx_HAL_Driver/Src/stm32f4xx_hal_spi.o
 .text.SPI_EndRxTransaction
                0x0000000008004b44       0xca ./Drivers/STM32F4xx_HAL_Driver/Src/stm32f4xx_hal_spi.o
 *fill*         0x0000000008004c0e        0x2 
 .text.SPI_EndRxTxTransaction
                0x0000000008004c10       0x84 ./Drivers/STM32F4xx_HAL_Driver/Src/stm32f4xx_hal_spi.o
 .text.HAL_TIM_Base_Init
                0x0000000008004c94       0x9e ./Drivers/STM32F4xx_HAL_Driver/Src/stm32f4xx_hal_tim.o
                0x0000000008004c94                HAL_TIM_Base_Init
 *fill*         0x0000000008004d32        0x2 
 .text.HAL_TIM_Base_Start_IT
                0x0000000008004d34       0xe0 ./Drivers/STM32F4xx_HAL_Driver/Src/stm32f4xx_hal_tim.o
                0x0000000008004d34                HAL_TIM_Base_Start_IT
 .text.HAL_TIM_IRQHandler
                0x0000000008004e14      0x210 ./Drivers/STM32F4xx_HAL_Driver/Src/stm32f4xx_hal_tim.o
                0x0000000008004e14                HAL_TIM_IRQHandler
 .text.HAL_TIM_ConfigClockSource
                0x0000000008005024      0x188 ./Drivers/STM32F4xx_HAL_Driver/Src/stm32f4xx_hal_tim.o
                0x0000000008005024                HAL_TIM_ConfigClockSource
 .text.HAL_TIM_OC_DelayElapsedCallback
                0x00000000080051ac       0x14 ./Drivers/STM32F4xx_HAL_Driver/Src/stm32f4xx_hal_tim.o
                0x00000000080051ac                HAL_TIM_OC_DelayElapsedCallback
 .text.HAL_TIM_IC_CaptureCallback
                0x00000000080051c0       0x14 ./Drivers/STM32F4xx_HAL_Driver/Src/stm32f4xx_hal_tim.o
                0x00000000080051c0                HAL_TIM_IC_CaptureCallback
 .text.HAL_TIM_PWM_PulseFinishedCallback
                0x00000000080051d4       0x14 ./Drivers/STM32F4xx_HAL_Driver/Src/stm32f4xx_hal_tim.o
                0x00000000080051d4                HAL_TIM_PWM_PulseFinishedCallback
 .text.HAL_TIM_TriggerCallback
                0x00000000080051e8       0x14 ./Drivers/STM32F4xx_HAL_Driver/Src/stm32f4xx_hal_tim.o
                0x00000000080051e8                HAL_TIM_TriggerCallback
 .text.TIM_Base_SetConfig
                0x00000000080051fc      0x140 ./Drivers/STM32F4xx_HAL_Driver/Src/stm32f4xx_hal_tim.o
                0x00000000080051fc                TIM_Base_SetConfig
 .text.TIM_TI1_ConfigInputStage
                0x000000000800533c       0x5e ./Drivers/STM32F4xx_HAL_Driver/Src/stm32f4xx_hal_tim.o
 .text.TIM_TI2_ConfigInputStage
                0x000000000800539a       0x60 ./Drivers/STM32F4xx_HAL_Driver/Src/stm32f4xx_hal_tim.o
 .text.TIM_ITRx_SetConfig
                0x00000000080053fa       0x36 ./Drivers/STM32F4xx_HAL_Driver/Src/stm32f4xx_hal_tim.o
 .text.TIM_ETR_SetConfig
                0x0000000008005430       0x40 ./Drivers/STM32F4xx_HAL_Driver/Src/stm32f4xx_hal_tim.o
                0x0000000008005430                TIM_ETR_SetConfig
 .text.HAL_TIMEx_MasterConfigSynchronization
                0x0000000008005470       0xf8 ./Drivers/STM32F4xx_HAL_Driver/Src/stm32f4xx_hal_tim_ex.o
                0x0000000008005470                HAL_TIMEx_MasterConfigSynchronization
 .text.HAL_TIMEx_CommutCallback
                0x0000000008005568       0x14 ./Drivers/STM32F4xx_HAL_Driver/Src/stm32f4xx_hal_tim_ex.o
                0x0000000008005568                HAL_TIMEx_CommutCallback
 .text.HAL_TIMEx_BreakCallback
                0x000000000800557c       0x14 ./Drivers/STM32F4xx_HAL_Driver/Src/stm32f4xx_hal_tim_ex.o
                0x000000000800557c                HAL_TIMEx_BreakCallback
 .text.HAL_UART_Init
                0x0000000008005590       0x9a ./Drivers/STM32F4xx_HAL_Driver/Src/stm32f4xx_hal_uart.o
                0x0000000008005590                HAL_UART_Init
 *fill*         0x000000000800562a        0x2 
 .text.UART_SetConfig
                0x000000000800562c      0x390 ./Drivers/STM32F4xx_HAL_Driver/Src/stm32f4xx_hal_uart.o
 .text.FMC_SDRAM_Init
                0x00000000080059bc       0xe6 ./Drivers/STM32F4xx_HAL_Driver/Src/stm32f4xx_ll_fmc.o
                0x00000000080059bc                FMC_SDRAM_Init
 .text.FMC_SDRAM_Timing_Init
                0x0000000008005aa2       0xfe ./Drivers/STM32F4xx_HAL_Driver/Src/stm32f4xx_ll_fmc.o
                0x0000000008005aa2                FMC_SDRAM_Timing_Init
 .text.makeFreeRtosPriority
                0x0000000008005ba0       0x30 ./Middlewares/Third_Party/FreeRTOS/Source/CMSIS_RTOS/cmsis_os.o
 .text.osKernelStart
                0x0000000008005bd0        0xe ./Middlewares/Third_Party/FreeRTOS/Source/CMSIS_RTOS/cmsis_os.o
                0x0000000008005bd0                osKernelStart
 .text.osThreadCreate
                0x0000000008005bde       0x98 ./Middlewares/Third_Party/FreeRTOS/Source/CMSIS_RTOS/cmsis_os.o
                0x0000000008005bde                osThreadCreate
 .text.osDelay  0x0000000008005c76       0x28 ./Middlewares/Third_Party/FreeRTOS/Source/CMSIS_RTOS/cmsis_os.o
                0x0000000008005c76                osDelay
 .text.vListInitialise
                0x0000000008005c9e       0x40 ./Middlewares/Third_Party/FreeRTOS/Source/list.o
                0x0000000008005c9e                vListInitialise
 .text.vListInitialiseItem
                0x0000000008005cde       0x1a ./Middlewares/Third_Party/FreeRTOS/Source/list.o
                0x0000000008005cde                vListInitialiseItem
 .text.vListInsertEnd
                0x0000000008005cf8       0x48 ./Middlewares/Third_Party/FreeRTOS/Source/list.o
                0x0000000008005cf8                vListInsertEnd
 .text.vListInsert
                0x0000000008005d40       0x72 ./Middlewares/Third_Party/FreeRTOS/Source/list.o
                0x0000000008005d40                vListInsert
 .text.uxListRemove
                0x0000000008005db2       0x54 ./Middlewares/Third_Party/FreeRTOS/Source/list.o
                0x0000000008005db2                uxListRemove
 .text.xTaskCreateStatic
                0x0000000008005e06       0xba ./Middlewares/Third_Party/FreeRTOS/Source/tasks.o
                0x0000000008005e06                xTaskCreateStatic
 .text.xTaskCreate
                0x0000000008005ec0       0x8a ./Middlewares/Third_Party/FreeRTOS/Source/tasks.o
                0x0000000008005ec0                xTaskCreate
 .text.prvInitialiseNewTask
                0x0000000008005f4a      0x124 ./Middlewares/Third_Party/FreeRTOS/Source/tasks.o
 *fill*         0x000000000800606e        0x2 
 .text.prvAddNewTaskToReadyList
                0x0000000008006070       0xd4 ./Middlewares/Third_Party/FreeRTOS/Source/tasks.o
 .text.vTaskDelay
                0x0000000008006144       0x68 ./Middlewares/Third_Party/FreeRTOS/Source/tasks.o
                0x0000000008006144                vTaskDelay
 .text.vTaskStartScheduler
                0x00000000080061ac       0xc0 ./Middlewares/Third_Party/FreeRTOS/Source/tasks.o
                0x00000000080061ac                vTaskStartScheduler
 .text.vTaskSuspendAll
                0x000000000800626c       0x1c ./Middlewares/Third_Party/FreeRTOS/Source/tasks.o
                0x000000000800626c                vTaskSuspendAll
 .text.xTaskResumeAll
                0x0000000008006288      0x138 ./Middlewares/Third_Party/FreeRTOS/Source/tasks.o
                0x0000000008006288                xTaskResumeAll
 .text.xTaskIncrementTick
                0x00000000080063c0      0x170 ./Middlewares/Third_Party/FreeRTOS/Source/tasks.o
                0x00000000080063c0                xTaskIncrementTick
 .text.vTaskSwitchContext
                0x0000000008006530      0x100 ./Middlewares/Third_Party/FreeRTOS/Source/tasks.o
                0x0000000008006530                vTaskSwitchContext
 .text.prvIdleTask
                0x0000000008006630       0x34 ./Middlewares/Third_Party/FreeRTOS/Source/tasks.o
 .text.prvInitialiseTaskLists
                0x0000000008006664       0x80 ./Middlewares/Third_Party/FreeRTOS/Source/tasks.o
 .text.prvCheckTasksWaitingTermination
                0x00000000080066e4       0x5c ./Middlewares/Third_Party/FreeRTOS/Source/tasks.o
 .text.prvDeleteTCB
                0x0000000008006740       0x5e ./Middlewares/Third_Party/FreeRTOS/Source/tasks.o
 *fill*         0x000000000800679e        0x2 
 .text.prvResetNextTaskUnblockTime
                0x00000000080067a0       0x40 ./Middlewares/Third_Party/FreeRTOS/Source/tasks.o
 .text.prvAddCurrentTaskToDelayedList
                0x00000000080067e0       0xcc ./Middlewares/Third_Party/FreeRTOS/Source/tasks.o
 .text.pxPortInitialiseStack
                0x00000000080068ac       0x68 ./Middlewares/Third_Party/FreeRTOS/Source/portable/GCC/ARM_CM4F/port.o
                0x00000000080068ac                pxPortInitialiseStack
 .text.prvTaskExitError
                0x0000000008006914       0x58 ./Middlewares/Third_Party/FreeRTOS/Source/portable/GCC/ARM_CM4F/port.o
 *fill*         0x000000000800696c        0x4 
 .text.SVC_Handler
                0x0000000008006970       0x28 ./Middlewares/Third_Party/FreeRTOS/Source/portable/GCC/ARM_CM4F/port.o
                0x0000000008006970                SVC_Handler
 .text.prvPortStartFirstTask
                0x0000000008006998       0x28 ./Middlewares/Third_Party/FreeRTOS/Source/portable/GCC/ARM_CM4F/port.o
 .text.xPortStartScheduler
                0x00000000080069c0      0x144 ./Middlewares/Third_Party/FreeRTOS/Source/portable/GCC/ARM_CM4F/port.o
                0x00000000080069c0                xPortStartScheduler
 .text.vPortEnterCritical
                0x0000000008006b04       0x60 ./Middlewares/Third_Party/FreeRTOS/Source/portable/GCC/ARM_CM4F/port.o
                0x0000000008006b04                vPortEnterCritical
 .text.vPortExitCritical
                0x0000000008006b64       0x54 ./Middlewares/Third_Party/FreeRTOS/Source/portable/GCC/ARM_CM4F/port.o
                0x0000000008006b64                vPortExitCritical
 *fill*         0x0000000008006bb8        0x8 
 .text.PendSV_Handler
                0x0000000008006bc0       0x68 ./Middlewares/Third_Party/FreeRTOS/Source/portable/GCC/ARM_CM4F/port.o
                0x0000000008006bc0                PendSV_Handler
 .text.SysTick_Handler
                0x0000000008006c28       0x44 ./Middlewares/Third_Party/FreeRTOS/Source/portable/GCC/ARM_CM4F/port.o
                0x0000000008006c28                SysTick_Handler
 .text.vPortSetupTimerInterrupt
                0x0000000008006c6c       0x48 ./Middlewares/Third_Party/FreeRTOS/Source/portable/GCC/ARM_CM4F/port.o
                0x0000000008006c6c                vPortSetupTimerInterrupt
 .text.vPortEnableVFP
                0x0000000008006cb4       0x14 ./Middlewares/Third_Party/FreeRTOS/Source/portable/GCC/ARM_CM4F/port.o
 .text.pvPortMalloc
                0x0000000008006cc8      0x1a0 ./Middlewares/Third_Party/FreeRTOS/Source/portable/MemMang/heap_4.o
                0x0000000008006cc8                pvPortMalloc
 .text.vPortFree
                0x0000000008006e68       0xc4 ./Middlewares/Third_Party/FreeRTOS/Source/portable/MemMang/heap_4.o
                0x0000000008006e68                vPortFree
 .text.prvHeapInit
                0x0000000008006f2c       0xc4 ./Middlewares/Third_Party/FreeRTOS/Source/portable/MemMang/heap_4.o
 .text.prvInsertBlockIntoFreeList
                0x0000000008006ff0       0xb4 ./Middlewares/Third_Party/FreeRTOS/Source/portable/MemMang/heap_4.o
 .text.MX_TouchGFX_Init
                0x00000000080070a4        0xc ./TouchGFX/App/app_touchgfx.o
                0x00000000080070a4                MX_TouchGFX_Init
 .text.TouchGFX_Task
                0x00000000080070b0       0x14 ./TouchGFX/App/app_touchgfx.o
                0x00000000080070b0                TouchGFX_Task
 .text.__libc_init_array
                0x00000000080070c4       0x48 c:/st/stm32cubeide_1.7.0/stm32cubeide/plugins/com.st.stm32cube.ide.mcu.externaltools.gnu-tools-for-stm32.9-2020-q2-update.win32_2.0.0.202105311346/tools/bin/../lib/gcc/arm-none-eabi/9.3.1/../../../../arm-none-eabi/lib/thumb/v7e-m+fp/hard\libc_nano.a(lib_a-init.o)
                0x00000000080070c4                __libc_init_array
 .text.memset   0x000000000800710c       0x10 c:/st/stm32cubeide_1.7.0/stm32cubeide/plugins/com.st.stm32cube.ide.mcu.externaltools.gnu-tools-for-stm32.9-2020-q2-update.win32_2.0.0.202105311346/tools/bin/../lib/gcc/arm-none-eabi/9.3.1/../../../../arm-none-eabi/lib/thumb/v7e-m+fp/hard\libc_nano.a(lib_a-memset.o)
                0x000000000800710c                memset
 *(.glue_7)
 .glue_7        0x000000000800711c        0x0 linker stubs
 *(.glue_7t)
 .glue_7t       0x000000000800711c        0x0 linker stubs
 *(.eh_frame)
 .eh_frame      0x000000000800711c        0x0 c:/st/stm32cubeide_1.7.0/stm32cubeide/plugins/com.st.stm32cube.ide.mcu.externaltools.gnu-tools-for-stm32.9-2020-q2-update.win32_2.0.0.202105311346/tools/bin/../lib/gcc/arm-none-eabi/9.3.1/thumb/v7e-m+fp/hard/crtbegin.o
 *(.init)
 .init          0x000000000800711c        0x4 c:/st/stm32cubeide_1.7.0/stm32cubeide/plugins/com.st.stm32cube.ide.mcu.externaltools.gnu-tools-for-stm32.9-2020-q2-update.win32_2.0.0.202105311346/tools/bin/../lib/gcc/arm-none-eabi/9.3.1/thumb/v7e-m+fp/hard/crti.o
                0x000000000800711c                _init
 .init          0x0000000008007120        0x8 c:/st/stm32cubeide_1.7.0/stm32cubeide/plugins/com.st.stm32cube.ide.mcu.externaltools.gnu-tools-for-stm32.9-2020-q2-update.win32_2.0.0.202105311346/tools/bin/../lib/gcc/arm-none-eabi/9.3.1/thumb/v7e-m+fp/hard/crtn.o
 *(.fini)
 .fini          0x0000000008007128        0x4 c:/st/stm32cubeide_1.7.0/stm32cubeide/plugins/com.st.stm32cube.ide.mcu.externaltools.gnu-tools-for-stm32.9-2020-q2-update.win32_2.0.0.202105311346/tools/bin/../lib/gcc/arm-none-eabi/9.3.1/thumb/v7e-m+fp/hard/crti.o
                0x0000000008007128                _fini
 .fini          0x000000000800712c        0x8 c:/st/stm32cubeide_1.7.0/stm32cubeide/plugins/com.st.stm32cube.ide.mcu.externaltools.gnu-tools-for-stm32.9-2020-q2-update.win32_2.0.0.202105311346/tools/bin/../lib/gcc/arm-none-eabi/9.3.1/thumb/v7e-m+fp/hard/crtn.o
                0x0000000008007134                . = ALIGN (0x4)
                0x0000000008007134                _etext = .

.vfp11_veneer   0x0000000008007134        0x0
 .vfp11_veneer  0x0000000008007134        0x0 linker stubs

.v4_bx          0x0000000008007134        0x0
 .v4_bx         0x0000000008007134        0x0 linker stubs

.iplt           0x0000000008007134        0x0
 .iplt          0x0000000008007134        0x0 c:/st/stm32cubeide_1.7.0/stm32cubeide/plugins/com.st.stm32cube.ide.mcu.externaltools.gnu-tools-for-stm32.9-2020-q2-update.win32_2.0.0.202105311346/tools/bin/../lib/gcc/arm-none-eabi/9.3.1/thumb/v7e-m+fp/hard/crtbegin.o

.rodata         0x0000000008007134       0x70
                0x0000000008007134                . = ALIGN (0x4)
 *(.rodata)
 .rodata        0x0000000008007134       0x50 ./Core/Src/freertos.o
 .rodata        0x0000000008007184        0x5 ./Middlewares/Third_Party/FreeRTOS/Source/tasks.o
 *(.rodata*)
 *fill*         0x0000000008007189        0x3 
 .rodata.AHBPrescTable
                0x000000000800718c       0x10 ./Core/Src/system_stm32f4xx.o
                0x000000000800718c                AHBPrescTable
 .rodata.APBPrescTable
                0x000000000800719c        0x8 ./Core/Src/system_stm32f4xx.o
                0x000000000800719c                APBPrescTable
                0x00000000080071a4                . = ALIGN (0x4)

.ARM.extab      0x00000000080071a4        0x0
                0x00000000080071a4                . = ALIGN (0x4)
 *(.ARM.extab* .gnu.linkonce.armextab.*)
                0x00000000080071a4                . = ALIGN (0x4)

.ARM            0x00000000080071a4        0x8
                0x00000000080071a4                . = ALIGN (0x4)
                0x00000000080071a4                __exidx_start = .
 *(.ARM.exidx*)
 .ARM.exidx     0x00000000080071a4        0x8 c:/st/stm32cubeide_1.7.0/stm32cubeide/plugins/com.st.stm32cube.ide.mcu.externaltools.gnu-tools-for-stm32.9-2020-q2-update.win32_2.0.0.202105311346/tools/bin/../lib/gcc/arm-none-eabi/9.3.1/thumb/v7e-m+fp/hard\libgcc.a(_udivmoddi4.o)
                0x00000000080071ac                __exidx_end = .
                0x00000000080071ac                . = ALIGN (0x4)

.rel.dyn        0x00000000080071ac        0x0
 .rel.iplt      0x00000000080071ac        0x0 c:/st/stm32cubeide_1.7.0/stm32cubeide/plugins/com.st.stm32cube.ide.mcu.externaltools.gnu-tools-for-stm32.9-2020-q2-update.win32_2.0.0.202105311346/tools/bin/../lib/gcc/arm-none-eabi/9.3.1/thumb/v7e-m+fp/hard/crtbegin.o

.preinit_array  0x00000000080071ac        0x0
                0x00000000080071ac                . = ALIGN (0x4)
                0x00000000080071ac                PROVIDE (__preinit_array_start = .)
 *(.preinit_array*)
                0x00000000080071ac                PROVIDE (__preinit_array_end = .)
                0x00000000080071ac                . = ALIGN (0x4)

.init_array     0x00000000080071ac        0x4
                0x00000000080071ac                . = ALIGN (0x4)
                0x00000000080071ac                PROVIDE (__init_array_start = .)
 *(SORT_BY_NAME(.init_array.*))
 *(.init_array*)
 .init_array    0x00000000080071ac        0x4 c:/st/stm32cubeide_1.7.0/stm32cubeide/plugins/com.st.stm32cube.ide.mcu.externaltools.gnu-tools-for-stm32.9-2020-q2-update.win32_2.0.0.202105311346/tools/bin/../lib/gcc/arm-none-eabi/9.3.1/thumb/v7e-m+fp/hard/crtbegin.o
                0x00000000080071b0                PROVIDE (__init_array_end = .)
                0x00000000080071b0                . = ALIGN (0x4)

.fini_array     0x00000000080071b0        0x4
                0x00000000080071b0                . = ALIGN (0x4)
                [!provide]                        PROVIDE (__fini_array_start = .)
 *(SORT_BY_NAME(.fini_array.*))
 *(.fini_array*)
 .fini_array    0x00000000080071b0        0x4 c:/st/stm32cubeide_1.7.0/stm32cubeide/plugins/com.st.stm32cube.ide.mcu.externaltools.gnu-tools-for-stm32.9-2020-q2-update.win32_2.0.0.202105311346/tools/bin/../lib/gcc/arm-none-eabi/9.3.1/thumb/v7e-m+fp/hard/crtbegin.o
                [!provide]                        PROVIDE (__fini_array_end = .)
                0x00000000080071b4                . = ALIGN (0x4)
                0x00000000080071b4                _sidata = LOADADDR (.data)

.data           0x0000000020000000       0x4c load address 0x00000000080071b4
                0x0000000020000000                . = ALIGN (0x4)
                0x0000000020000000                _sdata = .
 *(.data)
 *(.data*)
 .data.SystemCoreClock
                0x0000000020000000        0x4 ./Core/Src/system_stm32f4xx.o
                0x0000000020000000                SystemCoreClock
 .data.ili9341_drv
                0x0000000020000004       0x38 ./Drivers/BSP/Components/ili9341/ili9341.o
                0x0000000020000004                ili9341_drv
 .data.SpixTimeout
                0x000000002000003c        0x4 ./Drivers/BSP/STM32F429I-Discovery/stm32f429i_discovery.o
                0x000000002000003c                SpixTimeout
 .data.uwTickPrio
                0x0000000020000040        0x4 ./Drivers/STM32F4xx_HAL_Driver/Src/stm32f4xx_hal.o
                0x0000000020000040                uwTickPrio
 .data.uwTickFreq
                0x0000000020000044        0x1 ./Drivers/STM32F4xx_HAL_Driver/Src/stm32f4xx_hal.o
                0x0000000020000044                uwTickFreq
 *fill*         0x0000000020000045        0x3 
 .data.uxCriticalNesting
                0x0000000020000048        0x4 ./Middlewares/Third_Party/FreeRTOS/Source/portable/GCC/ARM_CM4F/port.o
 *(.RamFunc)
 *(.RamFunc*)
                0x000000002000004c                . = ALIGN (0x4)
                0x000000002000004c                _edata = .
                0x0000000008007200                _siccmram = LOADADDR (.ccmram)

.igot.plt       0x000000002000004c        0x0 load address 0x0000000008007200
 .igot.plt      0x000000002000004c        0x0 c:/st/stm32cubeide_1.7.0/stm32cubeide/plugins/com.st.stm32cube.ide.mcu.externaltools.gnu-tools-for-stm32.9-2020-q2-update.win32_2.0.0.202105311346/tools/bin/../lib/gcc/arm-none-eabi/9.3.1/thumb/v7e-m+fp/hard/crtbegin.o

.ccmram         0x0000000010000000        0x0 load address 0x0000000008007200
                0x0000000010000000                . = ALIGN (0x4)
                0x0000000010000000                _sccmram = .
 *(.ccmram)
 *(.ccmram*)
                0x0000000010000000                . = ALIGN (0x4)
                0x0000000010000000                _eccmram = .
                0x0000000010000000                . = ALIGN (0x4)

.bss            0x000000002000004c     0x86dc
                0x000000002000004c                _sbss = .
                0x000000002000004c                __bss_start__ = _sbss
 *(.bss)
 .bss           0x000000002000004c       0x1c c:/st/stm32cubeide_1.7.0/stm32cubeide/plugins/com.st.stm32cube.ide.mcu.externaltools.gnu-tools-for-stm32.9-2020-q2-update.win32_2.0.0.202105311346/tools/bin/../lib/gcc/arm-none-eabi/9.3.1/thumb/v7e-m+fp/hard/crtbegin.o
 *(.bss*)
 .bss.FMC_Initialized
                0x0000000020000068        0x4 ./Core/Src/fmc.o
 .bss.xIdleTaskTCBBuffer
                0x000000002000006c       0x58 ./Core/Src/freertos.o
 .bss.xIdleStack
                0x00000000200000c4      0x200 ./Core/Src/freertos.o
 .bss.LcdDrv    0x00000000200002c4        0x4 ./Core/Src/main.o
 .bss.SpiHandle
                0x00000000200002c8       0x58 ./Drivers/BSP/STM32F429I-Discovery/stm32f429i_discovery.o
 .bss.Is_LCD_IO_Initialized
                0x0000000020000320        0x1 ./Drivers/BSP/STM32F429I-Discovery/stm32f429i_discovery.o
 *fill*         0x0000000020000321        0x3 
 .bss.pxCurrentTCB
                0x0000000020000324        0x4 ./Middlewares/Third_Party/FreeRTOS/Source/tasks.o
                0x0000000020000324                pxCurrentTCB
 .bss.pxReadyTasksLists
                0x0000000020000328       0x8c ./Middlewares/Third_Party/FreeRTOS/Source/tasks.o
 .bss.xDelayedTaskList1
                0x00000000200003b4       0x14 ./Middlewares/Third_Party/FreeRTOS/Source/tasks.o
 .bss.xDelayedTaskList2
                0x00000000200003c8       0x14 ./Middlewares/Third_Party/FreeRTOS/Source/tasks.o
 .bss.pxDelayedTaskList
                0x00000000200003dc        0x4 ./Middlewares/Third_Party/FreeRTOS/Source/tasks.o
 .bss.pxOverflowDelayedTaskList
                0x00000000200003e0        0x4 ./Middlewares/Third_Party/FreeRTOS/Source/tasks.o
 .bss.xPendingReadyList
                0x00000000200003e4       0x14 ./Middlewares/Third_Party/FreeRTOS/Source/tasks.o
 .bss.xTasksWaitingTermination
                0x00000000200003f8       0x14 ./Middlewares/Third_Party/FreeRTOS/Source/tasks.o
 .bss.uxDeletedTasksWaitingCleanUp
                0x000000002000040c        0x4 ./Middlewares/Third_Party/FreeRTOS/Source/tasks.o
 .bss.xSuspendedTaskList
                0x0000000020000410       0x14 ./Middlewares/Third_Party/FreeRTOS/Source/tasks.o
 .bss.uxCurrentNumberOfTasks
                0x0000000020000424        0x4 ./Middlewares/Third_Party/FreeRTOS/Source/tasks.o
 .bss.xTickCount
                0x0000000020000428        0x4 ./Middlewares/Third_Party/FreeRTOS/Source/tasks.o
 .bss.uxTopReadyPriority
                0x000000002000042c        0x4 ./Middlewares/Third_Party/FreeRTOS/Source/tasks.o
 .bss.xSchedulerRunning
                0x0000000020000430        0x4 ./Middlewares/Third_Party/FreeRTOS/Source/tasks.o
 .bss.xPendedTicks
                0x0000000020000434        0x4 ./Middlewares/Third_Party/FreeRTOS/Source/tasks.o
 .bss.xYieldPending
                0x0000000020000438        0x4 ./Middlewares/Third_Party/FreeRTOS/Source/tasks.o
 .bss.xNumOfOverflows
                0x000000002000043c        0x4 ./Middlewares/Third_Party/FreeRTOS/Source/tasks.o
 .bss.uxTaskNumber
                0x0000000020000440        0x4 ./Middlewares/Third_Party/FreeRTOS/Source/tasks.o
 .bss.xNextTaskUnblockTime
                0x0000000020000444        0x4 ./Middlewares/Third_Party/FreeRTOS/Source/tasks.o
 .bss.xIdleTaskHandle
                0x0000000020000448        0x4 ./Middlewares/Third_Party/FreeRTOS/Source/tasks.o
 .bss.uxSchedulerSuspended
                0x000000002000044c        0x4 ./Middlewares/Third_Party/FreeRTOS/Source/tasks.o
 .bss.ucMaxSysCallPriority
                0x0000000020000450        0x1 ./Middlewares/Third_Party/FreeRTOS/Source/portable/GCC/ARM_CM4F/port.o
 *fill*         0x0000000020000451        0x3 
 .bss.ulMaxPRIGROUPValue
                0x0000000020000454        0x4 ./Middlewares/Third_Party/FreeRTOS/Source/portable/GCC/ARM_CM4F/port.o
 .bss.ucHeap    0x0000000020000458     0x8000 ./Middlewares/Third_Party/FreeRTOS/Source/portable/MemMang/heap_4.o
 .bss.xStart    0x0000000020008458        0x8 ./Middlewares/Third_Party/FreeRTOS/Source/portable/MemMang/heap_4.o
 .bss.pxEnd     0x0000000020008460        0x4 ./Middlewares/Third_Party/FreeRTOS/Source/portable/MemMang/heap_4.o
 .bss.xFreeBytesRemaining
                0x0000000020008464        0x4 ./Middlewares/Third_Party/FreeRTOS/Source/portable/MemMang/heap_4.o
 .bss.xMinimumEverFreeBytesRemaining
                0x0000000020008468        0x4 ./Middlewares/Third_Party/FreeRTOS/Source/portable/MemMang/heap_4.o
 .bss.xNumberOfSuccessfulAllocations
                0x000000002000846c        0x4 ./Middlewares/Third_Party/FreeRTOS/Source/portable/MemMang/heap_4.o
 .bss.xNumberOfSuccessfulFrees
                0x0000000020008470        0x4 ./Middlewares/Third_Party/FreeRTOS/Source/portable/MemMang/heap_4.o
 .bss.xBlockAllocatedBit
                0x0000000020008474        0x4 ./Middlewares/Third_Party/FreeRTOS/Source/portable/MemMang/heap_4.o
 *(COMMON)
 COMMON         0x0000000020008478        0x8 ./Core/Src/crc.o
                0x0000000020008478                hcrc
 COMMON         0x0000000020008480       0x40 ./Core/Src/dma2d.o
                0x0000000020008480                hdma2d
 COMMON         0x00000000200084c0       0x34 ./Core/Src/fmc.o
                0x00000000200084c0                hsdram1
 COMMON         0x00000000200084f4        0x8 ./Core/Src/freertos.o
                0x00000000200084f4                defaultTaskHandle
                0x00000000200084f8                touchGFXTaskHandle
 COMMON         0x00000000200084fc       0x54 ./Core/Src/i2c.o
                0x00000000200084fc                hi2c3
 COMMON         0x0000000020008550       0xa8 ./Core/Src/ltdc.o
                0x0000000020008550                hltdc
 COMMON         0x00000000200085f8       0x58 ./Core/Src/spi.o
                0x00000000200085f8                hspi5
 COMMON         0x0000000020008650       0x48 ./Core/Src/stm32f4xx_hal_timebase_tim.o
                0x0000000020008650                htim6
 COMMON         0x0000000020008698       0x48 ./Core/Src/tim.o
                0x0000000020008698                htim1
 COMMON         0x00000000200086e0       0x44 ./Core/Src/usart.o
                0x00000000200086e0                huart1
 COMMON         0x0000000020008724        0x4 ./Drivers/STM32F4xx_HAL_Driver/Src/stm32f4xx_hal.o
                0x0000000020008724                uwTick
                0x0000000020008728                . = ALIGN (0x4)
                0x0000000020008728                _ebss = .
                0x0000000020008728                __bss_end__ = _ebss

._user_heap_stack
                0x0000000020008728      0x600
                0x0000000020008728                . = ALIGN (0x8)
                [!provide]                        PROVIDE (end = .)
                0x0000000020008728                PROVIDE (_end = .)
                0x0000000020008928                . = (. + _Min_Heap_Size)
 *fill*         0x0000000020008728      0x200 
                0x0000000020008d28                . = (. + _Min_Stack_Size)
 *fill*         0x0000000020008928      0x400 
                0x0000000020008d28                . = ALIGN (0x8)

/DISCARD/
 libc.a(*)
 libm.a(*)
 libgcc.a(*)

.ARM.attributes
                0x0000000000000000       0x30
 *(.ARM.attributes)
 .ARM.attributes
                0x0000000000000000       0x1e c:/st/stm32cubeide_1.7.0/stm32cubeide/plugins/com.st.stm32cube.ide.mcu.externaltools.gnu-tools-for-stm32.9-2020-q2-update.win32_2.0.0.202105311346/tools/bin/../lib/gcc/arm-none-eabi/9.3.1/thumb/v7e-m+fp/hard/crti.o
 .ARM.attributes
                0x000000000000001e       0x34 c:/st/stm32cubeide_1.7.0/stm32cubeide/plugins/com.st.stm32cube.ide.mcu.externaltools.gnu-tools-for-stm32.9-2020-q2-update.win32_2.0.0.202105311346/tools/bin/../lib/gcc/arm-none-eabi/9.3.1/thumb/v7e-m+fp/hard/crtbegin.o
 .ARM.attributes
                0x0000000000000052       0x34 ./Core/Src/crc.o
 .ARM.attributes
                0x0000000000000086       0x34 ./Core/Src/dma2d.o
 .ARM.attributes
                0x00000000000000ba       0x34 ./Core/Src/fmc.o
 .ARM.attributes
                0x00000000000000ee       0x34 ./Core/Src/freertos.o
 .ARM.attributes
                0x0000000000000122       0x34 ./Core/Src/gpio.o
 .ARM.attributes
                0x0000000000000156       0x34 ./Core/Src/i2c.o
 .ARM.attributes
                0x000000000000018a       0x34 ./Core/Src/ltdc.o
 .ARM.attributes
                0x00000000000001be       0x34 ./Core/Src/main.o
 .ARM.attributes
                0x00000000000001f2       0x34 ./Core/Src/spi.o
 .ARM.attributes
                0x0000000000000226       0x34 ./Core/Src/stm32f4xx_hal_msp.o
 .ARM.attributes
                0x000000000000025a       0x34 ./Core/Src/stm32f4xx_hal_timebase_tim.o
 .ARM.attributes
                0x000000000000028e       0x34 ./Core/Src/stm32f4xx_it.o
 .ARM.attributes
                0x00000000000002c2       0x34 ./Core/Src/system_stm32f4xx.o
 .ARM.attributes
                0x00000000000002f6       0x34 ./Core/Src/tim.o
 .ARM.attributes
                0x000000000000032a       0x34 ./Core/Src/usart.o
 .ARM.attributes
                0x000000000000035e       0x21 ./Core/Startup/startup_stm32f429zitx.o
 .ARM.attributes
                0x000000000000037f       0x34 ./Drivers/BSP/Components/ili9341/ili9341.o
 .ARM.attributes
                0x00000000000003b3       0x34 ./Drivers/BSP/STM32F429I-Discovery/stm32f429i_discovery.o
 .ARM.attributes
                0x00000000000003e7       0x34 ./Drivers/STM32F4xx_HAL_Driver/Src/stm32f4xx_hal.o
 .ARM.attributes
                0x000000000000041b       0x34 ./Drivers/STM32F4xx_HAL_Driver/Src/stm32f4xx_hal_cortex.o
 .ARM.attributes
                0x000000000000044f       0x34 ./Drivers/STM32F4xx_HAL_Driver/Src/stm32f4xx_hal_crc.o
 .ARM.attributes
                0x0000000000000483       0x34 ./Drivers/STM32F4xx_HAL_Driver/Src/stm32f4xx_hal_dma2d.o
 .ARM.attributes
                0x00000000000004b7       0x34 ./Drivers/STM32F4xx_HAL_Driver/Src/stm32f4xx_hal_gpio.o
 .ARM.attributes
                0x00000000000004eb       0x34 ./Drivers/STM32F4xx_HAL_Driver/Src/stm32f4xx_hal_i2c.o
 .ARM.attributes
                0x000000000000051f       0x34 ./Drivers/STM32F4xx_HAL_Driver/Src/stm32f4xx_hal_i2c_ex.o
 .ARM.attributes
                0x0000000000000553       0x34 ./Drivers/STM32F4xx_HAL_Driver/Src/stm32f4xx_hal_ltdc.o
 .ARM.attributes
                0x0000000000000587       0x34 ./Drivers/STM32F4xx_HAL_Driver/Src/stm32f4xx_hal_rcc.o
 .ARM.attributes
                0x00000000000005bb       0x34 ./Drivers/STM32F4xx_HAL_Driver/Src/stm32f4xx_hal_rcc_ex.o
 .ARM.attributes
                0x00000000000005ef       0x34 ./Drivers/STM32F4xx_HAL_Driver/Src/stm32f4xx_hal_sdram.o
 .ARM.attributes
                0x0000000000000623       0x34 ./Drivers/STM32F4xx_HAL_Driver/Src/stm32f4xx_hal_spi.o
 .ARM.attributes
                0x0000000000000657       0x34 ./Drivers/STM32F4xx_HAL_Driver/Src/stm32f4xx_hal_tim.o
 .ARM.attributes
                0x000000000000068b       0x34 ./Drivers/STM32F4xx_HAL_Driver/Src/stm32f4xx_hal_tim_ex.o
 .ARM.attributes
                0x00000000000006bf       0x34 ./Drivers/STM32F4xx_HAL_Driver/Src/stm32f4xx_hal_uart.o
 .ARM.attributes
                0x00000000000006f3       0x34 ./Drivers/STM32F4xx_HAL_Driver/Src/stm32f4xx_ll_fmc.o
 .ARM.attributes
                0x0000000000000727       0x34 ./Middlewares/Third_Party/FreeRTOS/Source/CMSIS_RTOS/cmsis_os.o
 .ARM.attributes
                0x000000000000075b       0x34 ./Middlewares/Third_Party/FreeRTOS/Source/list.o
 .ARM.attributes
                0x000000000000078f       0x34 ./Middlewares/Third_Party/FreeRTOS/Source/tasks.o
 .ARM.attributes
                0x00000000000007c3       0x34 ./Middlewares/Third_Party/FreeRTOS/Source/portable/GCC/ARM_CM4F/port.o
 .ARM.attributes
                0x00000000000007f7       0x34 ./Middlewares/Third_Party/FreeRTOS/Source/portable/MemMang/heap_4.o
 .ARM.attributes
                0x000000000000082b       0x34 ./TouchGFX/App/app_touchgfx.o
 .ARM.attributes
                0x000000000000085f       0x34 c:/st/stm32cubeide_1.7.0/stm32cubeide/plugins/com.st.stm32cube.ide.mcu.externaltools.gnu-tools-for-stm32.9-2020-q2-update.win32_2.0.0.202105311346/tools/bin/../lib/gcc/arm-none-eabi/9.3.1/../../../../arm-none-eabi/lib/thumb/v7e-m+fp/hard\libc_nano.a(lib_a-init.o)
 .ARM.attributes
                0x0000000000000893       0x34 c:/st/stm32cubeide_1.7.0/stm32cubeide/plugins/com.st.stm32cube.ide.mcu.externaltools.gnu-tools-for-stm32.9-2020-q2-update.win32_2.0.0.202105311346/tools/bin/../lib/gcc/arm-none-eabi/9.3.1/../../../../arm-none-eabi/lib/thumb/v7e-m+fp/hard\libc_nano.a(lib_a-memset.o)
 .ARM.attributes
                0x00000000000008c7       0x1e c:/st/stm32cubeide_1.7.0/stm32cubeide/plugins/com.st.stm32cube.ide.mcu.externaltools.gnu-tools-for-stm32.9-2020-q2-update.win32_2.0.0.202105311346/tools/bin/../lib/gcc/arm-none-eabi/9.3.1/thumb/v7e-m+fp/hard\libgcc.a(_aeabi_uldivmod.o)
 .ARM.attributes
                0x00000000000008e5       0x34 c:/st/stm32cubeide_1.7.0/stm32cubeide/plugins/com.st.stm32cube.ide.mcu.externaltools.gnu-tools-for-stm32.9-2020-q2-update.win32_2.0.0.202105311346/tools/bin/../lib/gcc/arm-none-eabi/9.3.1/thumb/v7e-m+fp/hard\libgcc.a(_udivmoddi4.o)
 .ARM.attributes
                0x0000000000000919       0x1e c:/st/stm32cubeide_1.7.0/stm32cubeide/plugins/com.st.stm32cube.ide.mcu.externaltools.gnu-tools-for-stm32.9-2020-q2-update.win32_2.0.0.202105311346/tools/bin/../lib/gcc/arm-none-eabi/9.3.1/thumb/v7e-m+fp/hard\libgcc.a(_dvmd_tls.o)
 .ARM.attributes
                0x0000000000000937       0x1e c:/st/stm32cubeide_1.7.0/stm32cubeide/plugins/com.st.stm32cube.ide.mcu.externaltools.gnu-tools-for-stm32.9-2020-q2-update.win32_2.0.0.202105311346/tools/bin/../lib/gcc/arm-none-eabi/9.3.1/thumb/v7e-m+fp/hard/crtn.o
OUTPUT(TouchGFX_Test_000.elf elf32-littlearm)
LOAD linker stubs
LOAD c:/st/stm32cubeide_1.7.0/stm32cubeide/plugins/com.st.stm32cube.ide.mcu.externaltools.gnu-tools-for-stm32.9-2020-q2-update.win32_2.0.0.202105311346/tools/bin/../lib/gcc/arm-none-eabi/9.3.1/../../../../arm-none-eabi/lib/thumb/v7e-m+fp/hard\libc.a
LOAD c:/st/stm32cubeide_1.7.0/stm32cubeide/plugins/com.st.stm32cube.ide.mcu.externaltools.gnu-tools-for-stm32.9-2020-q2-update.win32_2.0.0.202105311346/tools/bin/../lib/gcc/arm-none-eabi/9.3.1/../../../../arm-none-eabi/lib/thumb/v7e-m+fp/hard\libm.a
LOAD c:/st/stm32cubeide_1.7.0/stm32cubeide/plugins/com.st.stm32cube.ide.mcu.externaltools.gnu-tools-for-stm32.9-2020-q2-update.win32_2.0.0.202105311346/tools/bin/../lib/gcc/arm-none-eabi/9.3.1/thumb/v7e-m+fp/hard\libgcc.a

.debug_info     0x0000000000000000    0x23769
 .debug_info    0x0000000000000000      0x546 ./Core/Src/crc.o
 .debug_info    0x0000000000000546      0x9a2 ./Core/Src/dma2d.o
 .debug_info    0x0000000000000ee8      0xa40 ./Core/Src/fmc.o
 .debug_info    0x0000000000001928      0x633 ./Core/Src/freertos.o
 .debug_info    0x0000000000001f5b      0x5a2 ./Core/Src/gpio.o
 .debug_info    0x00000000000024fd      0xac4 ./Core/Src/i2c.o
 .debug_info    0x0000000000002fc1      0xd48 ./Core/Src/ltdc.o
 .debug_info    0x0000000000003d09     0x1e4d ./Core/Src/main.o
 .debug_info    0x0000000000005b56      0xa76 ./Core/Src/spi.o
 .debug_info    0x00000000000065cc      0x60b ./Core/Src/stm32f4xx_hal_msp.o
 .debug_info    0x0000000000006bd7      0xcbe ./Core/Src/stm32f4xx_hal_timebase_tim.o
 .debug_info    0x0000000000007895      0xea8 ./Core/Src/stm32f4xx_it.o
 .debug_info    0x000000000000873d      0x5c0 ./Core/Src/system_stm32f4xx.o
 .debug_info    0x0000000000008cfd      0xa7f ./Core/Src/tim.o
 .debug_info    0x000000000000977c      0xa20 ./Core/Src/usart.o
 .debug_info    0x000000000000a19c       0x22 ./Core/Startup/startup_stm32f429zitx.o
 .debug_info    0x000000000000a1be      0x369 ./Drivers/BSP/Components/ili9341/ili9341.o
 .debug_info    0x000000000000a527     0x1998 ./Drivers/BSP/STM32F429I-Discovery/stm32f429i_discovery.o
 .debug_info    0x000000000000bebf      0xa2a ./Drivers/STM32F4xx_HAL_Driver/Src/stm32f4xx_hal.o
 .debug_info    0x000000000000c8e9      0xf0d ./Drivers/STM32F4xx_HAL_Driver/Src/stm32f4xx_hal_cortex.o
 .debug_info    0x000000000000d7f6      0x47a ./Drivers/STM32F4xx_HAL_Driver/Src/stm32f4xx_hal_crc.o
 .debug_info    0x000000000000dc70     0x1059 ./Drivers/STM32F4xx_HAL_Driver/Src/stm32f4xx_hal_dma2d.o
 .debug_info    0x000000000000ecc9      0x85a ./Drivers/STM32F4xx_HAL_Driver/Src/stm32f4xx_hal_gpio.o
 .debug_info    0x000000000000f523     0x2641 ./Drivers/STM32F4xx_HAL_Driver/Src/stm32f4xx_hal_i2c.o
 .debug_info    0x0000000000011b64      0x78a ./Drivers/STM32F4xx_HAL_Driver/Src/stm32f4xx_hal_i2c_ex.o
 .debug_info    0x00000000000122ee     0x1205 ./Drivers/STM32F4xx_HAL_Driver/Src/stm32f4xx_hal_ltdc.o
 .debug_info    0x00000000000134f3      0x9b2 ./Drivers/STM32F4xx_HAL_Driver/Src/stm32f4xx_hal_rcc.o
 .debug_info    0x0000000000013ea5      0x723 ./Drivers/STM32F4xx_HAL_Driver/Src/stm32f4xx_hal_rcc_ex.o
 .debug_info    0x00000000000145c8      0xd58 ./Drivers/STM32F4xx_HAL_Driver/Src/stm32f4xx_hal_sdram.o
 .debug_info    0x0000000000015320     0x17c0 ./Drivers/STM32F4xx_HAL_Driver/Src/stm32f4xx_hal_spi.o
 .debug_info    0x0000000000016ae0     0x2a90 ./Drivers/STM32F4xx_HAL_Driver/Src/stm32f4xx_hal_tim.o
 .debug_info    0x0000000000019570     0x1522 ./Drivers/STM32F4xx_HAL_Driver/Src/stm32f4xx_hal_tim_ex.o
 .debug_info    0x000000000001aa92     0x1665 ./Drivers/STM32F4xx_HAL_Driver/Src/stm32f4xx_hal_uart.o
 .debug_info    0x000000000001c0f7      0xff7 ./Drivers/STM32F4xx_HAL_Driver/Src/stm32f4xx_ll_fmc.o
 .debug_info    0x000000000001d0ee     0x2068 ./Middlewares/Third_Party/FreeRTOS/Source/CMSIS_RTOS/cmsis_os.o
 .debug_info    0x000000000001f156      0xb82 ./Middlewares/Third_Party/FreeRTOS/Source/list.o
 .debug_info    0x000000000001fcd8     0x278a ./Middlewares/Third_Party/FreeRTOS/Source/tasks.o
 .debug_info    0x0000000000022462      0x4f1 ./Middlewares/Third_Party/FreeRTOS/Source/portable/GCC/ARM_CM4F/port.o
 .debug_info    0x0000000000022953      0xda0 ./Middlewares/Third_Party/FreeRTOS/Source/portable/MemMang/heap_4.o
 .debug_info    0x00000000000236f3       0x76 ./TouchGFX/App/app_touchgfx.o

.debug_abbrev   0x0000000000000000     0x4ed6
 .debug_abbrev  0x0000000000000000      0x177 ./Core/Src/crc.o
 .debug_abbrev  0x0000000000000177      0x1c1 ./Core/Src/dma2d.o
 .debug_abbrev  0x0000000000000338      0x20f ./Core/Src/fmc.o
 .debug_abbrev  0x0000000000000547      0x1ad ./Core/Src/freertos.o
 .debug_abbrev  0x00000000000006f4      0x14e ./Core/Src/gpio.o
 .debug_abbrev  0x0000000000000842      0x1bb ./Core/Src/i2c.o
 .debug_abbrev  0x00000000000009fd      0x19c ./Core/Src/ltdc.o
 .debug_abbrev  0x0000000000000b99      0x23a ./Core/Src/main.o
 .debug_abbrev  0x0000000000000dd3      0x1bb ./Core/Src/spi.o
 .debug_abbrev  0x0000000000000f8e      0x126 ./Core/Src/stm32f4xx_hal_msp.o
 .debug_abbrev  0x00000000000010b4      0x1bf ./Core/Src/stm32f4xx_hal_timebase_tim.o
 .debug_abbrev  0x0000000000001273      0x1a7 ./Core/Src/stm32f4xx_it.o
 .debug_abbrev  0x000000000000141a      0x145 ./Core/Src/system_stm32f4xx.o
 .debug_abbrev  0x000000000000155f      0x1b2 ./Core/Src/tim.o
 .debug_abbrev  0x0000000000001711      0x1bb ./Core/Src/usart.o
 .debug_abbrev  0x00000000000018cc       0x12 ./Core/Startup/startup_stm32f429zitx.o
 .debug_abbrev  0x00000000000018de      0x169 ./Drivers/BSP/Components/ili9341/ili9341.o
 .debug_abbrev  0x0000000000001a47      0x2b0 ./Drivers/BSP/STM32F429I-Discovery/stm32f429i_discovery.o
 .debug_abbrev  0x0000000000001cf7      0x1ed ./Drivers/STM32F4xx_HAL_Driver/Src/stm32f4xx_hal.o
 .debug_abbrev  0x0000000000001ee4      0x33c ./Drivers/STM32F4xx_HAL_Driver/Src/stm32f4xx_hal_cortex.o
 .debug_abbrev  0x0000000000002220      0x1dd ./Drivers/STM32F4xx_HAL_Driver/Src/stm32f4xx_hal_crc.o
 .debug_abbrev  0x00000000000023fd      0x23f ./Drivers/STM32F4xx_HAL_Driver/Src/stm32f4xx_hal_dma2d.o
 .debug_abbrev  0x000000000000263c      0x1f1 ./Drivers/STM32F4xx_HAL_Driver/Src/stm32f4xx_hal_gpio.o
 .debug_abbrev  0x000000000000282d      0x282 ./Drivers/STM32F4xx_HAL_Driver/Src/stm32f4xx_hal_i2c.o
 .debug_abbrev  0x0000000000002aaf      0x18b ./Drivers/STM32F4xx_HAL_Driver/Src/stm32f4xx_hal_i2c_ex.o
 .debug_abbrev  0x0000000000002c3a      0x239 ./Drivers/STM32F4xx_HAL_Driver/Src/stm32f4xx_hal_ltdc.o
 .debug_abbrev  0x0000000000002e73      0x275 ./Drivers/STM32F4xx_HAL_Driver/Src/stm32f4xx_hal_rcc.o
 .debug_abbrev  0x00000000000030e8      0x18f ./Drivers/STM32F4xx_HAL_Driver/Src/stm32f4xx_hal_rcc_ex.o
 .debug_abbrev  0x0000000000003277      0x221 ./Drivers/STM32F4xx_HAL_Driver/Src/stm32f4xx_hal_sdram.o
 .debug_abbrev  0x0000000000003498      0x26e ./Drivers/STM32F4xx_HAL_Driver/Src/stm32f4xx_hal_spi.o
 .debug_abbrev  0x0000000000003706      0x25e ./Drivers/STM32F4xx_HAL_Driver/Src/stm32f4xx_hal_tim.o
 .debug_abbrev  0x0000000000003964      0x266 ./Drivers/STM32F4xx_HAL_Driver/Src/stm32f4xx_hal_tim_ex.o
 .debug_abbrev  0x0000000000003bca      0x28b ./Drivers/STM32F4xx_HAL_Driver/Src/stm32f4xx_hal_uart.o
 .debug_abbrev  0x0000000000003e55      0x1ae ./Drivers/STM32F4xx_HAL_Driver/Src/stm32f4xx_ll_fmc.o
 .debug_abbrev  0x0000000000004003      0x3c2 ./Middlewares/Third_Party/FreeRTOS/Source/CMSIS_RTOS/cmsis_os.o
 .debug_abbrev  0x00000000000043c5      0x1f7 ./Middlewares/Third_Party/FreeRTOS/Source/list.o
 .debug_abbrev  0x00000000000045bc      0x393 ./Middlewares/Third_Party/FreeRTOS/Source/tasks.o
 .debug_abbrev  0x000000000000494f      0x231 ./Middlewares/Third_Party/FreeRTOS/Source/portable/GCC/ARM_CM4F/port.o
 .debug_abbrev  0x0000000000004b80      0x2f1 ./Middlewares/Third_Party/FreeRTOS/Source/portable/MemMang/heap_4.o
 .debug_abbrev  0x0000000000004e71       0x65 ./TouchGFX/App/app_touchgfx.o

.debug_aranges  0x0000000000000000     0x1d60
 .debug_aranges
                0x0000000000000000       0x30 ./Core/Src/crc.o
 .debug_aranges
                0x0000000000000030       0x30 ./Core/Src/dma2d.o
 .debug_aranges
                0x0000000000000060       0x40 ./Core/Src/fmc.o
 .debug_aranges
                0x00000000000000a0       0x48 ./Core/Src/freertos.o
 .debug_aranges
                0x00000000000000e8       0x20 ./Core/Src/gpio.o
 .debug_aranges
                0x0000000000000108       0x30 ./Core/Src/i2c.o
 .debug_aranges
                0x0000000000000138       0x30 ./Core/Src/ltdc.o
 .debug_aranges
                0x0000000000000168       0x38 ./Core/Src/main.o
 .debug_aranges
                0x00000000000001a0       0x30 ./Core/Src/spi.o
 .debug_aranges
                0x00000000000001d0       0x20 ./Core/Src/stm32f4xx_hal_msp.o
 .debug_aranges
                0x00000000000001f0       0x30 ./Core/Src/stm32f4xx_hal_timebase_tim.o
 .debug_aranges
                0x0000000000000220       0x60 ./Core/Src/stm32f4xx_it.o
 .debug_aranges
                0x0000000000000280       0x28 ./Core/Src/system_stm32f4xx.o
 .debug_aranges
                0x00000000000002a8       0x30 ./Core/Src/tim.o
 .debug_aranges
                0x00000000000002d8       0x30 ./Core/Src/usart.o
 .debug_aranges
                0x0000000000000308       0x28 ./Core/Startup/startup_stm32f429zitx.o
 .debug_aranges
                0x0000000000000330       0x60 ./Drivers/BSP/Components/ili9341/ili9341.o
 .debug_aranges
                0x0000000000000390      0x138 ./Drivers/BSP/STM32F429I-Discovery/stm32f429i_discovery.o
 .debug_aranges
                0x00000000000004c8      0x100 ./Drivers/STM32F4xx_HAL_Driver/Src/stm32f4xx_hal.o
 .debug_aranges
                0x00000000000005c8      0x118 ./Drivers/STM32F4xx_HAL_Driver/Src/stm32f4xx_hal_cortex.o
 .debug_aranges
                0x00000000000006e0       0x50 ./Drivers/STM32F4xx_HAL_Driver/Src/stm32f4xx_hal_crc.o
 .debug_aranges
                0x0000000000000730      0x118 ./Drivers/STM32F4xx_HAL_Driver/Src/stm32f4xx_hal_dma2d.o
 .debug_aranges
                0x0000000000000848       0x58 ./Drivers/STM32F4xx_HAL_Driver/Src/stm32f4xx_hal_gpio.o
 .debug_aranges
                0x00000000000008a0      0x2a0 ./Drivers/STM32F4xx_HAL_Driver/Src/stm32f4xx_hal_i2c.o
 .debug_aranges
                0x0000000000000b40       0x28 ./Drivers/STM32F4xx_HAL_Driver/Src/stm32f4xx_hal_i2c_ex.o
 .debug_aranges
                0x0000000000000b68      0x158 ./Drivers/STM32F4xx_HAL_Driver/Src/stm32f4xx_hal_ltdc.o
 .debug_aranges
                0x0000000000000cc0       0x88 ./Drivers/STM32F4xx_HAL_Driver/Src/stm32f4xx_hal_rcc.o
 .debug_aranges
                0x0000000000000d48       0x58 ./Drivers/STM32F4xx_HAL_Driver/Src/stm32f4xx_hal_rcc_ex.o
 .debug_aranges
                0x0000000000000da0       0xd0 ./Drivers/STM32F4xx_HAL_Driver/Src/stm32f4xx_hal_sdram.o
 .debug_aranges
                0x0000000000000e70      0x1d0 ./Drivers/STM32F4xx_HAL_Driver/Src/stm32f4xx_hal_spi.o
 .debug_aranges
                0x0000000000001040      0x3d0 ./Drivers/STM32F4xx_HAL_Driver/Src/stm32f4xx_hal_tim.o
 .debug_aranges
                0x0000000000001410      0x168 ./Drivers/STM32F4xx_HAL_Driver/Src/stm32f4xx_hal_tim_ex.o
 .debug_aranges
                0x0000000000001578      0x200 ./Drivers/STM32F4xx_HAL_Driver/Src/stm32f4xx_hal_uart.o
 .debug_aranges
                0x0000000000001778       0xf0 ./Drivers/STM32F4xx_HAL_Driver/Src/stm32f4xx_ll_fmc.o
 .debug_aranges
                0x0000000000001868      0x1d8 ./Middlewares/Third_Party/FreeRTOS/Source/CMSIS_RTOS/cmsis_os.o
 .debug_aranges
                0x0000000000001a40       0x40 ./Middlewares/Third_Party/FreeRTOS/Source/list.o
 .debug_aranges
                0x0000000000001a80      0x1d8 ./Middlewares/Third_Party/FreeRTOS/Source/tasks.o
 .debug_aranges
                0x0000000000001c58       0x80 ./Middlewares/Third_Party/FreeRTOS/Source/portable/GCC/ARM_CM4F/port.o
 .debug_aranges
                0x0000000000001cd8       0x58 ./Middlewares/Third_Party/FreeRTOS/Source/portable/MemMang/heap_4.o
 .debug_aranges
                0x0000000000001d30       0x30 ./TouchGFX/App/app_touchgfx.o

.debug_ranges   0x0000000000000000     0x1b40
 .debug_ranges  0x0000000000000000       0x20 ./Core/Src/crc.o
 .debug_ranges  0x0000000000000020       0x20 ./Core/Src/dma2d.o
 .debug_ranges  0x0000000000000040       0x30 ./Core/Src/fmc.o
 .debug_ranges  0x0000000000000070       0x38 ./Core/Src/freertos.o
 .debug_ranges  0x00000000000000a8       0x10 ./Core/Src/gpio.o
 .debug_ranges  0x00000000000000b8       0x20 ./Core/Src/i2c.o
 .debug_ranges  0x00000000000000d8       0x20 ./Core/Src/ltdc.o
 .debug_ranges  0x00000000000000f8       0x28 ./Core/Src/main.o
 .debug_ranges  0x0000000000000120       0x20 ./Core/Src/spi.o
 .debug_ranges  0x0000000000000140       0x10 ./Core/Src/stm32f4xx_hal_msp.o
 .debug_ranges  0x0000000000000150       0x20 ./Core/Src/stm32f4xx_hal_timebase_tim.o
 .debug_ranges  0x0000000000000170       0x50 ./Core/Src/stm32f4xx_it.o
 .debug_ranges  0x00000000000001c0       0x18 ./Core/Src/system_stm32f4xx.o
 .debug_ranges  0x00000000000001d8       0x20 ./Core/Src/tim.o
 .debug_ranges  0x00000000000001f8       0x20 ./Core/Src/usart.o
 .debug_ranges  0x0000000000000218       0x20 ./Core/Startup/startup_stm32f429zitx.o
 .debug_ranges  0x0000000000000238       0x50 ./Drivers/BSP/Components/ili9341/ili9341.o
 .debug_ranges  0x0000000000000288      0x128 ./Drivers/BSP/STM32F429I-Discovery/stm32f429i_discovery.o
 .debug_ranges  0x00000000000003b0       0xf0 ./Drivers/STM32F4xx_HAL_Driver/Src/stm32f4xx_hal.o
 .debug_ranges  0x00000000000004a0      0x108 ./Drivers/STM32F4xx_HAL_Driver/Src/stm32f4xx_hal_cortex.o
 .debug_ranges  0x00000000000005a8       0x40 ./Drivers/STM32F4xx_HAL_Driver/Src/stm32f4xx_hal_crc.o
 .debug_ranges  0x00000000000005e8      0x108 ./Drivers/STM32F4xx_HAL_Driver/Src/stm32f4xx_hal_dma2d.o
 .debug_ranges  0x00000000000006f0       0x48 ./Drivers/STM32F4xx_HAL_Driver/Src/stm32f4xx_hal_gpio.o
 .debug_ranges  0x0000000000000738      0x2b8 ./Drivers/STM32F4xx_HAL_Driver/Src/stm32f4xx_hal_i2c.o
 .debug_ranges  0x00000000000009f0       0x18 ./Drivers/STM32F4xx_HAL_Driver/Src/stm32f4xx_hal_i2c_ex.o
 .debug_ranges  0x0000000000000a08      0x148 ./Drivers/STM32F4xx_HAL_Driver/Src/stm32f4xx_hal_ltdc.o
 .debug_ranges  0x0000000000000b50       0x78 ./Drivers/STM32F4xx_HAL_Driver/Src/stm32f4xx_hal_rcc.o
 .debug_ranges  0x0000000000000bc8       0x48 ./Drivers/STM32F4xx_HAL_Driver/Src/stm32f4xx_hal_rcc_ex.o
 .debug_ranges  0x0000000000000c10       0xc0 ./Drivers/STM32F4xx_HAL_Driver/Src/stm32f4xx_hal_sdram.o
 .debug_ranges  0x0000000000000cd0      0x1c0 ./Drivers/STM32F4xx_HAL_Driver/Src/stm32f4xx_hal_spi.o
 .debug_ranges  0x0000000000000e90      0x3c0 ./Drivers/STM32F4xx_HAL_Driver/Src/stm32f4xx_hal_tim.o
 .debug_ranges  0x0000000000001250      0x158 ./Drivers/STM32F4xx_HAL_Driver/Src/stm32f4xx_hal_tim_ex.o
 .debug_ranges  0x00000000000013a8      0x220 ./Drivers/STM32F4xx_HAL_Driver/Src/stm32f4xx_hal_uart.o
 .debug_ranges  0x00000000000015c8       0xe0 ./Drivers/STM32F4xx_HAL_Driver/Src/stm32f4xx_ll_fmc.o
 .debug_ranges  0x00000000000016a8      0x1c8 ./Middlewares/Third_Party/FreeRTOS/Source/CMSIS_RTOS/cmsis_os.o
 .debug_ranges  0x0000000000001870       0x30 ./Middlewares/Third_Party/FreeRTOS/Source/list.o
 .debug_ranges  0x00000000000018a0      0x1c8 ./Middlewares/Third_Party/FreeRTOS/Source/tasks.o
 .debug_ranges  0x0000000000001a68       0x70 ./Middlewares/Third_Party/FreeRTOS/Source/portable/GCC/ARM_CM4F/port.o
 .debug_ranges  0x0000000000001ad8       0x48 ./Middlewares/Third_Party/FreeRTOS/Source/portable/MemMang/heap_4.o
 .debug_ranges  0x0000000000001b20       0x20 ./TouchGFX/App/app_touchgfx.o

.debug_macro    0x0000000000000000    0x28e29
 .debug_macro   0x0000000000000000      0x253 ./Core/Src/crc.o
 .debug_macro   0x0000000000000253      0xaa8 ./Core/Src/crc.o
 .debug_macro   0x0000000000000cfb      0x2bf ./Core/Src/crc.o
 .debug_macro   0x0000000000000fba       0x2e ./Core/Src/crc.o
 .debug_macro   0x0000000000000fe8       0x28 ./Core/Src/crc.o
 .debug_macro   0x0000000000001010       0x22 ./Core/Src/crc.o
 .debug_macro   0x0000000000001032       0x8e ./Core/Src/crc.o
 .debug_macro   0x00000000000010c0       0x51 ./Core/Src/crc.o
 .debug_macro   0x0000000000001111      0x103 ./Core/Src/crc.o
 .debug_macro   0x0000000000001214       0x6a ./Core/Src/crc.o
 .debug_macro   0x000000000000127e      0x1df ./Core/Src/crc.o
 .debug_macro   0x000000000000145d       0x1c ./Core/Src/crc.o
 .debug_macro   0x0000000000001479       0x22 ./Core/Src/crc.o
 .debug_macro   0x000000000000149b       0xdf ./Core/Src/crc.o
 .debug_macro   0x000000000000157a     0x102d ./Core/Src/crc.o
 .debug_macro   0x00000000000025a7      0x11f ./Core/Src/crc.o
 .debug_macro   0x00000000000026c6    0x17f6a ./Core/Src/crc.o
 .debug_macro   0x000000000001a630       0x43 ./Core/Src/crc.o
 .debug_macro   0x000000000001a673     0x36c9 ./Core/Src/crc.o
 .debug_macro   0x000000000001dd3c      0x174 ./Core/Src/crc.o
 .debug_macro   0x000000000001deb0       0x5c ./Core/Src/crc.o
 .debug_macro   0x000000000001df0c      0xca5 ./Core/Src/crc.o
 .debug_macro   0x000000000001ebb1      0x9fe ./Core/Src/crc.o
 .debug_macro   0x000000000001f5af      0x117 ./Core/Src/crc.o
 .debug_macro   0x000000000001f6c6      0x157 ./Core/Src/crc.o
 .debug_macro   0x000000000001f81d       0x82 ./Core/Src/crc.o
 .debug_macro   0x000000000001f89f      0x182 ./Core/Src/crc.o
 .debug_macro   0x000000000001fa21      0x287 ./Core/Src/crc.o
 .debug_macro   0x000000000001fca8       0x5f ./Core/Src/crc.o
 .debug_macro   0x000000000001fd07      0x236 ./Core/Src/crc.o
 .debug_macro   0x000000000001ff3d       0x22 ./Core/Src/crc.o
 .debug_macro   0x000000000001ff5f      0x20f ./Core/Src/crc.o
 .debug_macro   0x000000000002016e      0x132 ./Core/Src/crc.o
 .debug_macro   0x00000000000202a0      0x41d ./Core/Src/crc.o
 .debug_macro   0x00000000000206bd       0x2e ./Core/Src/crc.o
 .debug_macro   0x00000000000206eb      0x582 ./Core/Src/crc.o
 .debug_macro   0x0000000000020c6d      0x1b5 ./Core/Src/crc.o
 .debug_macro   0x0000000000020e22       0x22 ./Core/Src/crc.o
 .debug_macro   0x0000000000020e44       0xd6 ./Core/Src/crc.o
 .debug_macro   0x0000000000020f1a      0x198 ./Core/Src/crc.o
 .debug_macro   0x00000000000210b2       0xd6 ./Core/Src/crc.o
 .debug_macro   0x0000000000021188      0x11a ./Core/Src/crc.o
 .debug_macro   0x00000000000212a2       0xe2 ./Core/Src/crc.o
 .debug_macro   0x0000000000021384       0x89 ./Core/Src/crc.o
 .debug_macro   0x000000000002140d      0x225 ./Core/Src/crc.o
 .debug_macro   0x0000000000021632      0x8d1 ./Core/Src/crc.o
 .debug_macro   0x0000000000021f03       0x47 ./Core/Src/crc.o
 .debug_macro   0x0000000000021f4a      0x295 ./Core/Src/crc.o
 .debug_macro   0x00000000000221df      0x134 ./Core/Src/crc.o
 .debug_macro   0x0000000000022313      0x4c9 ./Core/Src/crc.o
 .debug_macro   0x00000000000227dc      0x253 ./Core/Src/dma2d.o
 .debug_macro   0x0000000000022a2f      0x253 ./Core/Src/fmc.o
 .debug_macro   0x0000000000022c82      0x2fc ./Core/Src/freertos.o
 .debug_macro   0x0000000000022f7e      0x109 ./Core/Src/freertos.o
 .debug_macro   0x0000000000023087      0x15a ./Core/Src/freertos.o
 .debug_macro   0x00000000000231e1       0xde ./Core/Src/freertos.o
 .debug_macro   0x00000000000232bf       0x1c ./Core/Src/freertos.o
 .debug_macro   0x00000000000232db       0x26 ./Core/Src/freertos.o
 .debug_macro   0x0000000000023301      0x4e1 ./Core/Src/freertos.o
 .debug_macro   0x00000000000237e2       0xb5 ./Core/Src/freertos.o
 .debug_macro   0x0000000000023897       0xaa ./Core/Src/freertos.o
 .debug_macro   0x0000000000023941       0x91 ./Core/Src/freertos.o
 .debug_macro   0x00000000000239d2       0x8d ./Core/Src/freertos.o
 .debug_macro   0x0000000000023a5f       0x9a ./Core/Src/freertos.o
 .debug_macro   0x0000000000023af9       0x19 ./Core/Src/freertos.o
 .debug_macro   0x0000000000023b12       0xf2 ./Core/Src/freertos.o
 .debug_macro   0x0000000000023c04      0x253 ./Core/Src/gpio.o
 .debug_macro   0x0000000000023e57      0x253 ./Core/Src/i2c.o
 .debug_macro   0x00000000000240aa      0x253 ./Core/Src/ltdc.o
 .debug_macro   0x00000000000242fd      0x37b ./Core/Src/main.o
 .debug_macro   0x0000000000024678      0x109 ./Core/Src/main.o
 .debug_macro   0x0000000000024781      0x26d ./Core/Src/main.o
 .debug_macro   0x00000000000249ee      0x253 ./Core/Src/spi.o
 .debug_macro   0x0000000000024c41      0x249 ./Core/Src/stm32f4xx_hal_msp.o
 .debug_macro   0x0000000000024e8a      0x23a ./Core/Src/stm32f4xx_hal_timebase_tim.o
 .debug_macro   0x00000000000250c4      0x253 ./Core/Src/stm32f4xx_it.o
 .debug_macro   0x0000000000025317      0x23a ./Core/Src/system_stm32f4xx.o
 .debug_macro   0x0000000000025551      0x253 ./Core/Src/tim.o
 .debug_macro   0x00000000000257a4      0x253 ./Core/Src/usart.o
 .debug_macro   0x00000000000259f7       0x7c ./Drivers/BSP/Components/ili9341/ili9341.o
 .debug_macro   0x0000000000025a73      0x267 ./Drivers/BSP/STM32F429I-Discovery/stm32f429i_discovery.o
 .debug_macro   0x0000000000025cda      0x25f ./Drivers/BSP/STM32F429I-Discovery/stm32f429i_discovery.o
 .debug_macro   0x0000000000025f39      0x29a ./Drivers/STM32F4xx_HAL_Driver/Src/stm32f4xx_hal.o
 .debug_macro   0x00000000000261d3      0x23a ./Drivers/STM32F4xx_HAL_Driver/Src/stm32f4xx_hal_cortex.o
 .debug_macro   0x000000000002640d      0x23a ./Drivers/STM32F4xx_HAL_Driver/Src/stm32f4xx_hal_crc.o
 .debug_macro   0x0000000000026647      0x249 ./Drivers/STM32F4xx_HAL_Driver/Src/stm32f4xx_hal_dma2d.o
 .debug_macro   0x0000000000026890      0x240 ./Drivers/STM32F4xx_HAL_Driver/Src/stm32f4xx_hal_gpio.o
 .debug_macro   0x0000000000026ad0      0x281 ./Drivers/STM32F4xx_HAL_Driver/Src/stm32f4xx_hal_i2c.o
 .debug_macro   0x0000000000026d51      0x23a ./Drivers/STM32F4xx_HAL_Driver/Src/stm32f4xx_hal_i2c_ex.o
 .debug_macro   0x0000000000026f8b      0x23b ./Drivers/STM32F4xx_HAL_Driver/Src/stm32f4xx_hal_ltdc.o
 .debug_macro   0x00000000000271c6      0x25e ./Drivers/STM32F4xx_HAL_Driver/Src/stm32f4xx_hal_rcc.o
 .debug_macro   0x0000000000027424      0x23a ./Drivers/STM32F4xx_HAL_Driver/Src/stm32f4xx_hal_rcc_ex.o
 .debug_macro   0x000000000002765e      0x23a ./Drivers/STM32F4xx_HAL_Driver/Src/stm32f4xx_hal_sdram.o
 .debug_macro   0x0000000000027898      0x249 ./Drivers/STM32F4xx_HAL_Driver/Src/stm32f4xx_hal_spi.o
 .debug_macro   0x0000000000027ae1      0x23b ./Drivers/STM32F4xx_HAL_Driver/Src/stm32f4xx_hal_tim.o
 .debug_macro   0x0000000000027d1c      0x23a ./Drivers/STM32F4xx_HAL_Driver/Src/stm32f4xx_hal_tim_ex.o
 .debug_macro   0x0000000000027f56      0x23b ./Drivers/STM32F4xx_HAL_Driver/Src/stm32f4xx_hal_uart.o
 .debug_macro   0x0000000000028191      0x23a ./Drivers/STM32F4xx_HAL_Driver/Src/stm32f4xx_ll_fmc.o
 .debug_macro   0x00000000000283cb      0x1fe ./Middlewares/Third_Party/FreeRTOS/Source/CMSIS_RTOS/cmsis_os.o
 .debug_macro   0x00000000000285c9       0x10 ./Middlewares/Third_Party/FreeRTOS/Source/CMSIS_RTOS/cmsis_os.o
 .debug_macro   0x00000000000285d9       0x20 ./Middlewares/Third_Party/FreeRTOS/Source/CMSIS_RTOS/cmsis_os.o
 .debug_macro   0x00000000000285f9       0xc7 ./Middlewares/Third_Party/FreeRTOS/Source/CMSIS_RTOS/cmsis_os.o
 .debug_macro   0x00000000000286c0      0x187 ./Middlewares/Third_Party/FreeRTOS/Source/list.o
 .debug_macro   0x0000000000028847      0x279 ./Middlewares/Third_Party/FreeRTOS/Source/tasks.o
 .debug_macro   0x0000000000028ac0       0x10 ./Middlewares/Third_Party/FreeRTOS/Source/tasks.o
 .debug_macro   0x0000000000028ad0      0x196 ./Middlewares/Third_Party/FreeRTOS/Source/portable/GCC/ARM_CM4F/port.o
 .debug_macro   0x0000000000028c66      0x1ae ./Middlewares/Third_Party/FreeRTOS/Source/portable/MemMang/heap_4.o
 .debug_macro   0x0000000000028e14       0x15 ./TouchGFX/App/app_touchgfx.o

.debug_line     0x0000000000000000    0x22ee2
 .debug_line    0x0000000000000000      0x7dc ./Core/Src/crc.o
 .debug_line    0x00000000000007dc      0x801 ./Core/Src/dma2d.o
 .debug_line    0x0000000000000fdd      0x8c8 ./Core/Src/fmc.o
 .debug_line    0x00000000000018a5      0x9a2 ./Core/Src/freertos.o
 .debug_line    0x0000000000002247      0x820 ./Core/Src/gpio.o
 .debug_line    0x0000000000002a67      0x82e ./Core/Src/i2c.o
 .debug_line    0x0000000000003295      0x8dd ./Core/Src/ltdc.o
 .debug_line    0x0000000000003b72      0xb04 ./Core/Src/main.o